Component: ARM Compiler 5.06 update 7 (build 960) Tool: armlink [4d3601]

==============================================================================

Section Cross References

    am_resources.o(.constdata) refers to am_resources.o(SHARED_RW) for ui32MCUClaimed
    am_resources.o(RESOURCE_TABLE) refers to am_resources.o(.constdata) for sGlobalAccess
    ble_firmware_update.o(i.main) refers to am_hal_gpio.o(i.am_hal_gpio_state_write) for am_hal_gpio_state_write
    ble_firmware_update.o(i.main) refers to am_hal_gpio.o(i.am_hal_gpio_pinconfig) for am_hal_gpio_pinconfig
    ble_firmware_update.o(i.main) refers to am_bsp.o(i.am_bsp_low_power_init) for am_bsp_low_power_init
    ble_firmware_update.o(i.main) refers to am_bsp.o(i.am_bsp_itm_printf_enable) for am_bsp_itm_printf_enable
    ble_firmware_update.o(i.main) refers to am_util_stdio.o(i.am_util_stdio_terminal_clear) for am_util_stdio_terminal_clear
    ble_firmware_update.o(i.main) refers to am_util_stdio.o(i.am_util_stdio_printf) for am_util_stdio_printf
    ble_firmware_update.o(i.main) refers to am_devices_cooper.o(i.am_devices_cooper_get_FwImage) for am_devices_cooper_get_FwImage
    ble_firmware_update.o(i.main) refers to am_devices_cooper.o(i.am_devices_cooper_init) for am_devices_cooper_init
    ble_firmware_update.o(i.main) refers to am_util_ble_cooper.o(i.am_util_ble_update_sign_set) for am_util_ble_update_sign_set
    ble_firmware_update.o(i.main) refers to am_devices_cooper.o(i.am_devices_cooper_reset_with_sbl_check) for am_devices_cooper_reset_with_sbl_check
    ble_firmware_update.o(i.main) refers to am_hal_gpio.o(.constdata) for am_hal_gpio_pincfg_output
    ble_firmware_update.o(i.main) refers to ble_firmware_update.o(.bss) for .bss
    ble_firmware_update.o(i.main) refers to ble_firmware_update.o(.data) for .data
    ble_firmware_update.o(.data) refers to ble_firmware_update.o(.constdata) for ble_fw_image_bin
    am_devices_cooper.o(i.am_devices_cooper_blocking_read) refers to am_hal_iom.o(i.am_hal_iom_power_ctrl) for am_hal_iom_power_ctrl
    am_devices_cooper.o(i.am_devices_cooper_blocking_read) refers to am_hal_iom.o(i.am_hal_iom_enable) for am_hal_iom_enable
    am_devices_cooper.o(i.am_devices_cooper_blocking_read) refers to am_hal_iom.o(i.am_hal_iom_blocking_transfer) for am_hal_iom_blocking_transfer
    am_devices_cooper.o(i.am_devices_cooper_blocking_read) refers to am_hal_iom.o(i.am_hal_iom_disable) for am_hal_iom_disable
    am_devices_cooper.o(i.am_devices_cooper_blocking_read) refers to am_devices_cooper.o(.data) for .data
    am_devices_cooper.o(i.am_devices_cooper_blocking_write) refers to am_hal_iom.o(i.am_hal_iom_power_ctrl) for am_hal_iom_power_ctrl
    am_devices_cooper.o(i.am_devices_cooper_blocking_write) refers to am_hal_iom.o(i.am_hal_iom_enable) for am_hal_iom_enable
    am_devices_cooper.o(i.am_devices_cooper_blocking_write) refers to am_hal_iom.o(i.am_hal_iom_blocking_transfer) for am_hal_iom_blocking_transfer
    am_devices_cooper.o(i.am_devices_cooper_blocking_write) refers to am_util_delay.o(i.am_util_delay_us) for am_util_delay_us
    am_devices_cooper.o(i.am_devices_cooper_blocking_write) refers to am_hal_gpio.o(i.am_hal_gpio_pinconfig) for am_hal_gpio_pinconfig
    am_devices_cooper.o(i.am_devices_cooper_blocking_write) refers to am_hal_iom.o(i.am_hal_iom_disable) for am_hal_iom_disable
    am_devices_cooper.o(i.am_devices_cooper_blocking_write) refers to am_devices_cooper.o(.data) for .data
    am_devices_cooper.o(i.am_devices_cooper_blocking_write) refers to am_hal_gpio.o(.constdata) for am_hal_gpio_pincfg_output
    am_devices_cooper.o(i.am_devices_cooper_blocking_write) refers to am_bsp_pins.o(.data) for g_AM_BSP_GPIO_IOM4_CS
    am_devices_cooper.o(i.am_devices_cooper_bus_disable) refers to am_hal_iom.o(i.am_hal_iom_disable) for am_hal_iom_disable
    am_devices_cooper.o(i.am_devices_cooper_bus_disable) refers to am_hal_iom.o(i.am_hal_iom_power_ctrl) for am_hal_iom_power_ctrl
    am_devices_cooper.o(i.am_devices_cooper_bus_enable) refers to am_hal_iom.o(i.am_hal_iom_power_ctrl) for am_hal_iom_power_ctrl
    am_devices_cooper.o(i.am_devices_cooper_bus_enable) refers to am_hal_iom.o(i.am_hal_iom_enable) for am_hal_iom_enable
    am_devices_cooper.o(i.am_devices_cooper_command_write) refers to am_devices_cooper.o(i.am_devices_cooper_blocking_write) for am_devices_cooper_blocking_write
    am_devices_cooper.o(i.am_devices_cooper_command_write) refers to am_util_delay.o(i.am_util_delay_us) for am_util_delay_us
    am_devices_cooper.o(i.am_devices_cooper_command_write) refers to am_devices_cooper.o(i.am_devices_cooper_blocking_read) for am_devices_cooper_blocking_read
    am_devices_cooper.o(i.am_devices_cooper_crystal_trim_set) refers to am_hal_mcuctrl.o(.data) for g_ui32xtalhscap2trim
    am_devices_cooper.o(i.am_devices_cooper_get_FwImage) refers to am_devices_cooper.o(.bss) for .bss
    am_devices_cooper.o(i.am_devices_cooper_get_info0_patch) refers to am_devices_cooper.o(.data) for .data
[...]
    .ARM.Collect$$libinit$$0000001F          0x0001830a   Section        0  libinit2.o(.ARM.Collect$$libinit$$0000001F)
    .ARM.Collect$$libinit$$00000021          0x0001830a   Section        0  libinit2.o(.ARM.Collect$$libinit$$00000021)
    .ARM.Collect$$libinit$$00000023          0x0001830a   Section        0  libinit2.o(.ARM.Collect$$libinit$$00000023)
    .ARM.Collect$$libinit$$00000025          0x0001830a   Section        0  libinit2.o(.ARM.Collect$$libinit$$00000025)
    .ARM.Collect$$libinit$$0000002C          0x0001830a   Section        0  libinit2.o(.ARM.Collect$$libinit$$0000002C)
    .ARM.Collect$$libinit$$0000002E          0x0001830a   Section        0  libinit2.o(.ARM.Collect$$libinit$$0000002E)
    .ARM.Collect$$libinit$$00000030          0x0001830a   Section        0  libinit2.o(.ARM.Collect$$libinit$$00000030)
    .ARM.Collect$$libinit$$00000032          0x0001830a   Section        0  libinit2.o(.ARM.Collect$$libinit$$00000032)
    .ARM.Collect$$libinit$$00000033          0x0001830a   Section        2  libinit2.o(.ARM.Collect$$libinit$$00000033)
    .ARM.Collect$$libshutdown$$00000000      0x0001830c   Section        2  libshutdown.o(.ARM.Collect$$libshutdown$$00000000)
    .ARM.Collect$$libshutdown$$00000002      0x0001830e   Section        0  libshutdown2.o(.ARM.Collect$$libshutdown$$00000002)
    .ARM.Collect$$libshutdown$$00000004      0x0001830e   Section        0  libshutdown2.o(.ARM.Collect$$libshutdown$$00000004)
    .ARM.Collect$$libshutdown$$00000006      0x0001830e   Section        0  libshutdown2.o(.ARM.Collect$$libshutdown$$00000006)
    .ARM.Collect$$libshutdown$$00000009      0x0001830e   Section        0  libshutdown2.o(.ARM.Collect$$libshutdown$$00000009)
    .ARM.Collect$$libshutdown$$0000000C      0x0001830e   Section        0  libshutdown2.o(.ARM.Collect$$libshutdown$$0000000C)
    .ARM.Collect$$libshutdown$$0000000E      0x0001830e   Section        0  libshutdown2.o(.ARM.Collect$$libshutdown$$0000000E)
    .ARM.Collect$$libshutdown$$00000011      0x0001830e   Section        0  libshutdown2.o(.ARM.Collect$$libshutdown$$00000011)
    .ARM.Collect$$libshutdown$$00000012      0x0001830e   Section        2  libshutdown2.o(.ARM.Collect$$libshutdown$$00000012)
    .ARM.Collect$$rtentry$$00000000          0x00018310   Section        0  __rtentry.o(.ARM.Collect$$rtentry$$00000000)
    .ARM.Collect$$rtentry$$00000002          0x00018310   Section        0  __rtentry2.o(.ARM.Collect$$rtentry$$00000002)
    .ARM.Collect$$rtentry$$00000004          0x00018310   Section        6  __rtentry4.o(.ARM.Collect$$rtentry$$00000004)
    .ARM.Collect$$rtentry$$00000009          0x00018316   Section        0  __rtentry2.o(.ARM.Collect$$rtentry$$00000009)
    .ARM.Collect$$rtentry$$0000000A          0x00018316   Section        4  __rtentry2.o(.ARM.Collect$$rtentry$$0000000A)
    .ARM.Collect$$rtentry$$0000000C          0x0001831a   Section        0  __rtentry2.o(.ARM.Collect$$rtentry$$0000000C)
    .ARM.Collect$$rtentry$$0000000D          0x0001831a   Section        8  __rtentry2.o(.ARM.Collect$$rtentry$$0000000D)
    .ARM.Collect$$rtexit$$00000000           0x00018322   Section        2  rtexit.o(.ARM.Collect$$rtexit$$00000000)
    .ARM.Collect$$rtexit$$00000002           0x00018324   Section        0  rtexit2.o(.ARM.Collect$$rtexit$$00000002)
    .ARM.Collect$$rtexit$$00000003           0x00018324   Section        4  rtexit2.o(.ARM.Collect$$rtexit$$00000003)
    .ARM.Collect$$rtexit$$00000004           0x00018328   Section        6  rtexit2.o(.ARM.Collect$$rtexit$$00000004)
    .emb_text                                0x00018330   Section       22  am_hal_interrupt.o(.emb_text)
    $v0                                      0x00018330   Number         0  am_hal_interrupt.o(.emb_text)
    .text                                    0x00018348   Section       24  startup_keil.o(.text)
    $v0                                      0x00018348   Number         0  startup_keil.o(.text)
    .text                                    0x00018360   Section       38  llshl.o(.text)
    .text                                    0x00018386   Section       38  llushr.o(.text)
    .text                                    0x000183ac   Section      138  rt_memcpy_v6.o(.text)
    .text                                    0x00018436   Section      100  rt_memcpy_w.o(.text)
    .text                                    0x0001849a   Section        0  heapauxi.o(.text)
    .text                                    0x000184a0   Section       74  sys_stackheap_outer.o(.text)
    .text                                    0x000184ea   Section        0  exit.o(.text)
    .text                                    0x000184fc   Section        8  libspace.o(.text)
    .text                                    0x00018504   Section        0  sys_exit.o(.text)
    .text                                    0x00018510   Section        2  use_no_semi.o(.text)
    .text                                    0x00018512   Section        0  indicate_semi.o(.text)
    i.__ARM_common_memcpy4_5                 0x00018512   Section        0  am_hal_cachectrl.o(i.__ARM_common_memcpy4_5)
    i.am_bsp_iom_pins_disable                0x0001851c   Section        0  am_bsp.o(i.am_bsp_iom_pins_disable)
    i.am_bsp_iom_pins_enable                 0x00018788   Section        0  am_bsp.o(i.am_bsp_iom_pins_enable)
    i.am_bsp_itm_printf_enable               0x00018ae8   Section        0  am_bsp.o(i.am_bsp_itm_printf_enable)
    i.am_bsp_low_power_init                  0x00018b60   Section        0  am_bsp.o(i.am_bsp_low_power_init)
    i.am_devices_cooper_blocking_read        0x00018b78   Section        0  am_devices_cooper.o(i.am_devices_cooper_blocking_read)
    i.am_devices_cooper_blocking_write       0x00018c98   Section        0  am_devices_cooper.o(i.am_devices_cooper_blocking_write)
    i.am_devices_cooper_command_write        0x00018df4   Section        0  am_devices_cooper.o(i.am_devices_cooper_command_write)
    i.am_devices_cooper_get_FwImage          0x00018e78   Section        0  am_devices_cooper.o(i.am_devices_cooper_get_FwImage)
    i.am_devices_cooper_init                 0x00018eac   Section        0  am_devices_cooper.o(i.am_devices_cooper_init)
    i.am_devices_cooper_reset_with_sbl_check 0x00019114   Section        0  am_devices_cooper.o(i.am_devices_cooper_reset_with_sbl_check)
    i.am_devices_cooper_sbl_update_state_data 0x00019200   Section        0  am_devices_cooper.o(i.am_devices_cooper_sbl_update_state_data)
    am_devices_cooper_sbl_update_state_data  0x00019201   Thumb Code    90  am_devices_cooper.o(i.am_devices_cooper_sbl_update_state_data)
    i.am_devices_cooper_term                 0x0001926c   Section        0  am_devices_cooper.o(i.am_devices_cooper_term)
    i.am_devices_cooper_update_image         0x00019318   Section        0  am_devices_cooper.o(i.am_devices_cooper_update_image)
    i.am_hal_cmdq_disable                    0x00019a30   Section        0  am_hal_cmdq.o(i.am_hal_cmdq_disable)
    i.am_hal_cmdq_enable                     0x00019a70   Section        0  am_hal_cmdq.o(i.am_hal_cmdq_enable)
    i.am_hal_cmdq_init                       0x00019ac8   Section        0  am_hal_cmdq.o(i.am_hal_cmdq_init)
    i.am_hal_cmdq_term                       0x00019bb8   Section        0  am_hal_cmdq.o(i.am_hal_cmdq_term)
    i.am_hal_crc32                           0x00019c40   Section        0  am_hal_security.o(i.am_hal_crc32)
    i.am_hal_daxi_config                     0x00019ca4   Section        0  am_hal_cachectrl.o(i.am_hal_daxi_config)
    i.am_hal_daxi_control                    0x00019d3c   Section        0  am_hal_cachectrl.o(i.am_hal_daxi_control)
    i.am_hal_dcu_get                         0x00019dbc   Section        0  am_hal_dcu.o(i.am_hal_dcu_get)
    i.am_hal_dcu_update                      0x00019e4c   Section        0  am_hal_dcu.o(i.am_hal_dcu_update)
    i.am_hal_delay_us                        0x00019f30   Section        0  am_hal_utils.o(i.am_hal_delay_us)
    i.am_hal_delay_us_status_change          0x00019f5c   Section        0  am_hal_utils.o(i.am_hal_delay_us_status_change)
    i.am_hal_delay_us_status_check           0x00019fb4   Section        0  am_hal_utils.o(i.am_hal_delay_us_status_check)
    i.am_hal_fault_capture_enable            0x0001a018   Section        0  am_hal_fault.o(i.am_hal_fault_capture_enable)
    i.am_hal_gpio_pinconfig                  0x0001a02c   Section        0  am_hal_gpio.o(i.am_hal_gpio_pinconfig)
    i.am_hal_gpio_state_write                0x0001a080   Section        0  am_hal_gpio.o(i.am_hal_gpio_state_write)
    i.am_hal_iom_blocking_transfer           0x0001a0f4   Section        0  am_hal_iom.o(i.am_hal_iom_blocking_transfer)
    i.am_hal_iom_configure                   0x0001a420   Section        0  am_hal_iom.o(i.am_hal_iom_configure)
    i.am_hal_iom_disable                     0x0001a714   Section        0  am_hal_iom.o(i.am_hal_iom_disable)
    i.am_hal_iom_enable                      0x0001a798   Section        0  am_hal_iom.o(i.am_hal_iom_enable)
    i.am_hal_iom_initialize                  0x0001a8b4   Section        0  am_hal_iom.o(i.am_hal_iom_initialize)
    i.am_hal_iom_power_ctrl                  0x0001a908   Section        0  am_hal_iom.o(i.am_hal_iom_power_ctrl)
    i.am_hal_iom_uninitialize                0x0001ac34   Section        0  am_hal_iom.o(i.am_hal_iom_uninitialize)
    i.am_hal_itm_enable                      0x0001acc0   Section        0  am_hal_itm.o(i.am_hal_itm_enable)
    i.am_hal_itm_print                       0x0001ad08   Section        0  am_hal_itm.o(i.am_hal_itm_print)
    i.am_hal_mcuctrl_control                 0x0001ad38   Section        0  am_hal_mcuctrl.o(i.am_hal_mcuctrl_control)
    i.am_hal_mram_info_read                  0x0001aea8   Section        0  am_hal_mram.o(i.am_hal_mram_info_read)
    i.am_hal_pwrctrl_control                 0x0001af18   Section        0  am_hal_pwrctrl.o(i.am_hal_pwrctrl_control)
    i.am_hal_pwrctrl_low_power_init          0x0001b140   Section        0  am_hal_pwrctrl.o(i.am_hal_pwrctrl_low_power_init)
    i.am_hal_pwrctrl_mcu_memory_config       0x0001b264   Section        0  am_hal_pwrctrl.o(i.am_hal_pwrctrl_mcu_memory_config)
    i.am_hal_pwrctrl_periph_disable          0x0001b380   Section        0  am_hal_pwrctrl.o(i.am_hal_pwrctrl_periph_disable)
    i.am_hal_pwrctrl_periph_enable           0x0001b4ac   Section        0  am_hal_pwrctrl.o(i.am_hal_pwrctrl_periph_enable)
    i.am_hal_pwrctrl_sram_config             0x0001b560   Section        0  am_hal_pwrctrl.o(i.am_hal_pwrctrl_sram_config)
    i.am_hal_rtc_osc_disable                 0x0001b608   Section        0  am_hal_rtc.o(i.am_hal_rtc_osc_disable)
    i.am_hal_tpiu_enable                     0x0001b61c   Section        0  am_hal_tpiu.o(i.am_hal_tpiu_enable)
    i.am_util_ble_update_sign_set            0x0001b688   Section        0  am_util_ble_cooper.o(i.am_util_ble_update_sign_set)
    i.am_util_delay_ms                       0x0001b6f8   Section        0  am_util_delay.o(i.am_util_delay_ms)
    i.am_util_delay_us                       0x0001b702   Section        0  am_util_delay.o(i.am_util_delay_us)
    i.am_util_stdio_printf                   0x0001b708   Section        0  am_util_stdio.o(i.am_util_stdio_printf)
    i.am_util_stdio_printf_init              0x0001b73c   Section        0  am_util_stdio.o(i.am_util_stdio_printf_init)
    i.am_util_stdio_terminal_clear           0x0001b748   Section        0  am_util_stdio.o(i.am_util_stdio_terminal_clear)
    i.am_util_stdio_vsprintf                 0x0001b784   Section        0  am_util_stdio.o(i.am_util_stdio_vsprintf)
    i.copy_words                             0x0001bec0   Section        0  am_hal_dcu.o(i.copy_words)
    copy_words                               0x0001bec1   Thumb Code    40  am_hal_dcu.o(i.copy_words)
    i.crypto_boost_trims                     0x0001bee8   Section        0  am_hal_pwrctrl.o(i.crypto_boost_trims)
    i.internal_iom_reset_on_error            0x0001bf98   Section        0  am_hal_iom.o(i.internal_iom_reset_on_error)
    internal_iom_reset_on_error              0x0001bf99   Thumb Code   322  am_hal_iom.o(i.internal_iom_reset_on_error)
    i.main                                   0x0001c0e0   Section        0  ble_firmware_update.o(i.main)
    i.ndigits_in_u64                         0x0001c280   Section        0  am_util_stdio.o(i.ndigits_in_u64)
    ndigits_in_u64                           0x0001c281   Thumb Code   198  am_util_stdio.o(i.ndigits_in_u64)
    i.send_update                            0x0001c348   Section        0  am_devices_cooper.o(i.send_update)
    i.uint64_to_str                          0x0001c3b0   Section        0  am_util_stdio.o(i.uint64_to_str)
    uint64_to_str                            0x0001c3b1   Thumb Code   294  am_util_stdio.o(i.uint64_to_str)
    i.validate_transaction                   0x0001c4d8   Section        0  am_hal_iom.o(i.validate_transaction)
    x$fpl$d2f                                0x0001c56c   Section       98  d2f.o(x$fpl$d2f)
    $v0                                      0x0001c56c   Number         0  d2f.o(x$fpl$d2f)
    x$fpl$dnaninf                            0x0001c5ce   Section      156  dnaninf.o(x$fpl$dnaninf)
    $v0                                      0x0001c5ce   Number         0  dnaninf.o(x$fpl$dnaninf)
    x$fpl$fpinit                             0x0001c66a   Section       10  fpinit.o(x$fpl$fpinit)
    $v0                                      0x0001c66a   Number         0  fpinit.o(x$fpl$fpinit)
    x$fpl$fretinf                            0x0001c674   Section       10  fretinf.o(x$fpl$fretinf)
    $v0                                      0x0001c674   Number         0  fretinf.o(x$fpl$fretinf)
    x$fpl$usenofp                            0x0001c67e   Section        0  usenofp.o(x$fpl$usenofp)
    .constdata                               0x0001c680   Section      108  am_resources.o(.constdata)
    __tagsym$$used                           0x0001c680   Number         0  am_resources.o(.constdata)
    __tagsym$$used                           0x0001c694   Number         0  am_resources.o(.constdata)
    __tagsym$$used                           0x0001c6a8   Number         0  am_resources.o(.constdata)
    __tagsym$$used                           0x0001c6bc   Number         0  am_resources.o(.constdata)
    __tagsym$$used                           0x0001c6d0   Number         0  am_resources.o(.constdata)
    .constdata                               0x0001c6ec   Section    144064  ble_firmware_update.o(.constdata)
    .constdata                               0x0003f9ac   Section        4  am_hal_gpio.o(.constdata)
    .constdata                               0x0003f9b0   Section        4  am_hal_gpio.o(.constdata)
    .constdata                               0x0003f9b4   Section        4  am_hal_gpio.o(.constdata)
    .constdata                               0x0003f9b8   Section       16  am_hal_gpio.o(.constdata)
    g_ui32DSpintbl                           0x0003f9b8   Data          16  am_hal_gpio.o(.constdata)
    .constdata                               0x0003f9c8   Section       40  am_hal_bootrom_helper.o(.constdata)
    .constdata                               0x0003f9f0   Section        5  am_hal_cachectrl.o(.constdata)
    .constdata                               0x0003f9f8   Section      440  am_hal_cmdq.o(.constdata)
    gAmHalCmdQReg                            0x0003f9f8   Data         440  am_hal_cmdq.o(.constdata)
    .constdata                               0x0003fbb0   Section      658  am_hal_pwrctrl.o(.constdata)
    g_VDDF_trimstbl                          0x0003fddc   Data          30  am_hal_pwrctrl.o(.constdata)
    g_VDDFLP_trimstbl                        0x0003fdfa   Data          30  am_hal_pwrctrl.o(.constdata)
    g_memlpldo_trimstbl                      0x0003fe18   Data          42  am_hal_pwrctrl.o(.constdata)
    .conststring                             0x0003fe44   Section      140  am_devices_cooper.o(.conststring)
    .data                                    0x10000000   Section       24  ble_firmware_update.o(.data)
    g_sBLEImage                              0x10000008   Data          16  ble_firmware_update.o(.data)
    .data                                    0x10000018   Section       52  am_devices_cooper.o(.data)
    sbl_status                               0x10000024   Data           4  am_devices_cooper.o(.data)
    g_sInfo0PatchImage                       0x1000002c   Data          16  am_devices_cooper.o(.data)
    g_sInfo1PatchImage                       0x1000003c   Data          16  am_devices_cooper.o(.data)
    .data                                    0x1000004c   Section        8  am_util_stdio.o(.data)
    g_bTxtXlate                              0x1000004c   Data           1  am_util_stdio.o(.data)
    .data                                    0x10000054   Section        4  am_hal_global.o(.data)
    .data                                    0x10000058   Section        8  am_bsp.o(.data)
    g_ePrintInterface                        0x10000058   Data           1  am_bsp.o(.data)
    g_sCOMUART                               0x1000005c   Data           4  am_bsp.o(.data)
    .data                                    0x10000060   Section        4  am_bsp_pins.o(.data)
    .data                                    0x10000064   Section        4  am_bsp_pins.o(.data)
    .data                                    0x10000068   Section        4  am_bsp_pins.o(.data)
    .data                                    0x1000006c   Section        4  am_bsp_pins.o(.data)
    .data                                    0x10000070   Section        4  am_bsp_pins.o(.data)
    .data                                    0x10000074   Section        4  am_bsp_pins.o(.data)
    .data                                    0x10000078   Section        4  am_bsp_pins.o(.data)
    .data                                    0x1000007c   Section        4  am_bsp_pins.o(.data)
    .data                                    0x10000080   Section        4  am_bsp_pins.o(.data)
    .data                                    0x10000084   Section        4  am_bsp_pins.o(.data)
    .data                                    0x10000088   Section        4  am_bsp_pins.o(.data)
    .data                                    0x1000008c   Section        4  am_bsp_pins.o(.data)
    .data                                    0x10000090   Section        4  am_bsp_pins.o(.data)
    .data                                    0x10000094   Section        4  am_bsp_pins.o(.data)
    .data                                    0x10000098   Section        4  am_bsp_pins.o(.data)
    .data                                    0x1000009c   Section        4  am_bsp_pins.o(.data)
    .data                                    0x100000a0   Section        4  am_bsp_pins.o(.data)
    .data                                    0x100000a4   Section        4  am_bsp_pins.o(.data)
    .data                                    0x100000a8   Section        4  am_bsp_pins.o(.data)
    .data                                    0x100000ac   Section        4  am_bsp_pins.o(.data)
    .data                                    0x100000b0   Section        4  am_bsp_pins.o(.data)
    .data                                    0x100000b4   Section        4  am_bsp_pins.o(.data)
    .data                                    0x100000b8   Section        4  am_bsp_pins.o(.data)
    .data                                    0x100000bc   Section        4  am_bsp_pins.o(.data)
    .data                                    0x100000c0   Section        4  am_bsp_pins.o(.data)
    .data                                    0x100000c4   Section        4  am_bsp_pins.o(.data)
    .data                                    0x100000c8   Section        4  am_bsp_pins.o(.data)
    .data                                    0x100000cc   Section        4  am_bsp_pins.o(.data)
    .data                                    0x100000d0   Section        4  am_bsp_pins.o(.data)
    .data                                    0x100000d4   Section        4  am_bsp_pins.o(.data)
    .data                                    0x100000d8   Section        4  am_bsp_pins.o(.data)
    .data                                    0x100000dc   Section        4  am_bsp_pins.o(.data)
    .data                                    0x100000e0   Section        4  am_bsp_pins.o(.data)
    .data                                    0x100000e4   Section        4  am_bsp_pins.o(.data)
    .data                                    0x100000e8   Section        4  am_bsp_pins.o(.data)
    .data                                    0x100000ec   Section        4  am_bsp_pins.o(.data)
    .data                                    0x100000f0   Section        4  am_bsp_pins.o(.data)
    .data                                    0x100000f4   Section        4  am_bsp_pins.o(.data)
    .data                                    0x100000f8   Section        4  am_bsp_pins.o(.data)
    .data                                    0x100000fc   Section        4  am_bsp_pins.o(.data)
    .data                                    0x10000100   Section        4  am_bsp_pins.o(.data)
    .data                                    0x10000104   Section        4  am_bsp_pins.o(.data)
    .data                                    0x10000108   Section        4  am_bsp_pins.o(.data)
    .data                                    0x1000010c   Section        4  am_bsp_pins.o(.data)
    .data                                    0x10000110   Section        4  am_bsp_pins.o(.data)
    .data                                    0x10000114   Section        4  am_bsp_pins.o(.data)
    .data                                    0x10000118   Section        4  am_bsp_pins.o(.data)
    .data                                    0x1000011c   Section        8  am_hal_mcuctrl.o(.data)
    .data                                    0x10000124   Section        5  am_hal_cachectrl.o(.data)
    .data                                    0x10000130   Section       32  am_hal_dcu.o(.data)
    .data                                    0x10000150   Section       60  am_hal_pwrctrl.o(.data)
    g_bOrigTrimsStored                       0x10000151   Data           1  am_hal_pwrctrl.o(.data)
    g_bBoostForCryptoApplied                 0x10000152   Data           1  am_hal_pwrctrl.o(.data)
    g_bTempcoValid                           0x10000153   Data           1  am_hal_pwrctrl.o(.data)
    g_ui16TempcoTEMP_code                    0x10000154   Data           2  am_hal_pwrctrl.o(.data)
    g_orig_ACTTRIMVDDF                       0x10000160   Data           4  am_hal_pwrctrl.o(.data)
    g_orig_MEMLDOACTIVETRIM                  0x10000164   Data           4  am_hal_pwrctrl.o(.data)
    g_orig_LPTRIMVDDF                        0x10000168   Data           4  am_hal_pwrctrl.o(.data)
    g_orig_MEMLPLDOTRIM                      0x1000016c   Data           4  am_hal_pwrctrl.o(.data)
    g_orig_TVRGVREFTRIM                      0x10000170   Data           4  am_hal_pwrctrl.o(.data)
    g_ui32VDDFAdjustCodes                    0x10000174   Data           4  am_hal_pwrctrl.o(.data)
    g_i32LatestVddfActTrim                   0x10000178   Data           4  am_hal_pwrctrl.o(.data)
    g_i32LatestLDOActTrim                    0x1000017c   Data           4  am_hal_pwrctrl.o(.data)
    g_TempcoADCHandle                        0x10000180   Data           4  am_hal_pwrctrl.o(.data)
    g_ui32TempcoADCslot                      0x10000184   Data           4  am_hal_pwrctrl.o(.data)
    g_pfTempMeasured                         0x10000188   Data           4  am_hal_pwrctrl.o(.data)
    .bss                                     0x1000018c   Section     8192  ble_firmware_update.o(.bss)
    .bss                                     0x1000218c   Section      116  am_devices_cooper.o(.bss)
    g_sFwImage                               0x1000218c   Data          16  am_devices_cooper.o(.bss)
    gsSblUpdateState                         0x100021c0   Data          64  am_devices_cooper.o(.bss)
    .bss                                     0x10002200   Section     1024  am_util_stdio.o(.bss)
    g_prfbuf                                 0x10002200   Data        1024  am_util_stdio.o(.bss)
    .bss                                     0x10002600   Section    17728  am_hal_iom.o(.bss)
    .bss                                     0x10006b40   Section      484  am_hal_cmdq.o(.bss)
    gAmHalCmdq                               0x10006b40   Data         484  am_hal_cmdq.o(.bss)
    .bss                                     0x10006d24   Section       96  libspace.o(.bss)
    HEAP                                     0x10006d88   Section        0  startup_keil.o(HEAP)
    STACK                                    0x10006d88   Section    11008  startup_keil.o(STACK)
    HeapMem                                  0x10006d88   Data           0  startup_keil.o(HEAP)
    StackMem                                 0x10006d88   Data           0  startup_keil.o(STACK)
    RESOURCE_TABLE                           0x10060000   Section        4  am_resources.o(RESOURCE_TABLE)
    __tagsym$$used                           0x10060000   Number         0  am_resources.o(RESOURCE_TABLE)
    SHARED_RW                                0x10060004   Section       60  am_resources.o(SHARED_RW)
    __tagsym$$used                           0x10060004   Number         0  am_resources.o(SHARED_RW)
    __tagsym$$used                           0x10060018   Number         0  am_resources.o(SHARED_RW)
    __tagsym$$used                           0x1006002c   Number         0  am_resources.o(SHARED_RW)

    Global Symbols

    Symbol Name                              Value     Ov Type        Size  Object(Section)

    BuildAttributes$$THM_ISAv4$E$P$D$K$B$S$7EM$VFPi3$EXTD16$VFPS$VFMA$PE$A:L22UL41UL21$X:L11$S22US41US21$IEEE1$IW$USESV6$~STKCKD$USESV7$~SHL$OTIME$ROPI$EBA8$UX$STANDARDLIB$REQ8$PRES8$EABIv2 0x00000000   Number         0  anon$$obj.o ABSOLUTE
    __ARM_use_no_argv                        0x00000000   Number         0  ble_firmware_update.o ABSOLUTE
    __ARM_exceptions_init                     - Undefined Weak Reference
    __alloca_initialize                       - Undefined Weak Reference
    __arm_fini_                               - Undefined Weak Reference
    __arm_preinit_                            - Undefined Weak Reference
    __cpp_initialize__aeabi_                  - Undefined Weak Reference
    __cxa_finalize                            - Undefined Weak Reference
    __rt_locale                               - Undefined Weak Reference
    __sigvec_lookup                           - Undefined Weak Reference
    _atexit_init                              - Undefined Weak Reference
    _call_atexit_fns                          - Undefined Weak Reference
    _clock_init                               - Undefined Weak Reference
    _fp_trap_init                             - Undefined Weak Reference
    _fp_trap_shutdown                         - Undefined Weak Reference
    _get_lc_collate                           - Undefined Weak Reference
    _get_lc_ctype                             - Undefined Weak Reference
    _get_lc_monetary                          - Undefined Weak Reference
    _get_lc_numeric                           - Undefined Weak Reference
    _get_lc_time                              - Undefined Weak Reference
    _getenv_init                              - Undefined Weak Reference
    _handle_redirection                       - Undefined Weak Reference
    _init_alloc                               - Undefined Weak Reference
    _init_user_alloc                          - Undefined Weak Reference
    _initio                                   - Undefined Weak Reference
    _rand_init                                - Undefined Weak Reference
    _signal_finish                            - Undefined Weak Reference
    _signal_init                              - Undefined Weak Reference
    _terminate_alloc                          - Undefined Weak Reference
    _terminate_user_alloc                     - Undefined Weak Reference
    _terminateio                              - Undefined Weak Reference
    __Vectors                                0x00018000   Data           0  startup_keil.o(RESET)
    __Patchable                              0x00018190   Data           0  startup_keil.o(RESET)
    Reset_Handler                            0x00018201   Thumb Code    28  startup_keil.o(RESET)
    HardFault_Handler                        0x0001821d   Thumb Code     2  startup_keil.o(RESET)
    NMI_Handler                              0x0001821f   Thumb Code     2  startup_keil.o(RESET)
    MemManage_Handler                        0x00018221   Thumb Code     2  startup_keil.o(RESET)
    BusFault_Handler                         0x00018223   Thumb Code     2  startup_keil.o(RESET)
    UsageFault_Handler                       0x00018225   Thumb Code     2  startup_keil.o(RESET)
    SVC_Handler                              0x00018227   Thumb Code     2  startup_keil.o(RESET)
    DebugMon_Handler                         0x00018229   Thumb Code     2  startup_keil.o(RESET)
    PendSV_Handler                           0x0001822b   Thumb Code     2  startup_keil.o(RESET)
    SysTick_Handler                          0x0001822d   Thumb Code     2  startup_keil.o(RESET)
    am_adc_isr                               0x0001822f   Thumb Code     0  startup_keil.o(RESET)
    am_audadc0_isr                           0x0001822f   Thumb Code     0  startup_keil.o(RESET)
    am_brownout_isr                          0x0001822f   Thumb Code     0  startup_keil.o(RESET)
    am_cachecpu_isr                          0x0001822f   Thumb Code     0  startup_keil.o(RESET)
    am_clkgen_isr                            0x0001822f   Thumb Code     0  startup_keil.o(RESET)
    am_ctimer_isr                            0x0001822f   Thumb Code     0  startup_keil.o(RESET)
    am_disp_isr                              0x0001822f   Thumb Code     0  startup_keil.o(RESET)
    am_dsi_isr                               0x0001822f   Thumb Code     0  startup_keil.o(RESET)
    am_dspi2s0_isr                           0x0001822f   Thumb Code     0  startup_keil.o(RESET)
    am_dspi2s1_isr                           0x0001822f   Thumb Code     0  startup_keil.o(RESET)
    am_dspi2s2_isr                           0x0001822f   Thumb Code     0  startup_keil.o(RESET)
    am_dspi2s3_isr                           0x0001822f   Thumb Code     0  startup_keil.o(RESET)
    am_gpio0_001f_isr                        0x0001822f   Thumb Code     0  startup_keil.o(RESET)
    am_gpio0_203f_isr                        0x0001822f   Thumb Code     0  startup_keil.o(RESET)
    am_gpio0_405f_isr                        0x0001822f   Thumb Code     0  startup_keil.o(RESET)
    am_gpio0_607f_isr                        0x0001822f   Thumb Code     0  startup_keil.o(RESET)
    am_gpio1_001f_isr                        0x0001822f   Thumb Code     0  startup_keil.o(RESET)
    am_gpio1_203f_isr                        0x0001822f   Thumb Code     0  startup_keil.o(RESET)
    am_gpio1_405f_isr                        0x0001822f   Thumb Code     0  startup_keil.o(RESET)
    am_gpio1_607f_isr                        0x0001822f   Thumb Code     0  startup_keil.o(RESET)
    am_gpu_isr                               0x0001822f   Thumb Code     0  startup_keil.o(RESET)
    am_iomaster0_isr                         0x0001822f   Thumb Code     0  startup_keil.o(RESET)
    am_iomaster1_isr                         0x0001822f   Thumb Code     0  startup_keil.o(RESET)
    am_iomaster2_isr                         0x0001822f   Thumb Code     0  startup_keil.o(RESET)
    am_iomaster3_isr                         0x0001822f   Thumb Code     0  startup_keil.o(RESET)
    am_iomaster4_isr                         0x0001822f   Thumb Code     0  startup_keil.o(RESET)
    am_iomaster5_isr                         0x0001822f   Thumb Code     0  startup_keil.o(RESET)
    am_iomaster6_isr                         0x0001822f   Thumb Code     0  startup_keil.o(RESET)
    am_iomaster7_isr                         0x0001822f   Thumb Code     0  startup_keil.o(RESET)
    am_ioslave_acc_isr                       0x0001822f   Thumb Code     0  startup_keil.o(RESET)
    am_ioslave_ios_isr                       0x0001822f   Thumb Code     0  startup_keil.o(RESET)
    am_mspi0_isr                             0x0001822f   Thumb Code     0  startup_keil.o(RESET)
    am_mspi1_isr                             0x0001822f   Thumb Code     0  startup_keil.o(RESET)
    am_mspi2_isr                             0x0001822f   Thumb Code     0  startup_keil.o(RESET)
    am_pdm0_isr                              0x0001822f   Thumb Code     0  startup_keil.o(RESET)
    am_pdm1_isr                              0x0001822f   Thumb Code     0  startup_keil.o(RESET)
    am_pdm2_isr                              0x0001822f   Thumb Code     0  startup_keil.o(RESET)
    am_pdm3_isr                              0x0001822f   Thumb Code     0  startup_keil.o(RESET)
    am_rtc_isr                               0x0001822f   Thumb Code     0  startup_keil.o(RESET)
    am_sdio_isr                              0x0001822f   Thumb Code     0  startup_keil.o(RESET)
    am_stimer_cmpr0_isr                      0x0001822f   Thumb Code     0  startup_keil.o(RESET)
    am_stimer_cmpr1_isr                      0x0001822f   Thumb Code     0  startup_keil.o(RESET)
    am_stimer_cmpr2_isr                      0x0001822f   Thumb Code     0  startup_keil.o(RESET)
    am_stimer_cmpr3_isr                      0x0001822f   Thumb Code     0  startup_keil.o(RESET)
    am_stimer_cmpr4_isr                      0x0001822f   Thumb Code     0  startup_keil.o(RESET)
    am_stimer_cmpr5_isr                      0x0001822f   Thumb Code     0  startup_keil.o(RESET)
    am_stimer_cmpr6_isr                      0x0001822f   Thumb Code     0  startup_keil.o(RESET)
    am_stimer_cmpr7_isr                      0x0001822f   Thumb Code     0  startup_keil.o(RESET)
    am_stimerof_isr                          0x0001822f   Thumb Code     0  startup_keil.o(RESET)
    am_timer00_isr                           0x0001822f   Thumb Code     0  startup_keil.o(RESET)
    am_timer01_isr                           0x0001822f   Thumb Code     0  startup_keil.o(RESET)
    am_timer02_isr                           0x0001822f   Thumb Code     0  startup_keil.o(RESET)
    am_timer03_isr                           0x0001822f   Thumb Code     0  startup_keil.o(RESET)
    am_timer04_isr                           0x0001822f   Thumb Code     0  startup_keil.o(RESET)
    am_timer05_isr                           0x0001822f   Thumb Code     0  startup_keil.o(RESET)
    am_timer06_isr                           0x0001822f   Thumb Code     0  startup_keil.o(RESET)
    am_timer07_isr                           0x0001822f   Thumb Code     0  startup_keil.o(RESET)
    am_timer08_isr                           0x0001822f   Thumb Code     0  startup_keil.o(RESET)
    am_timer09_isr                           0x0001822f   Thumb Code     0  startup_keil.o(RESET)
    am_timer10_isr                           0x0001822f   Thumb Code     0  startup_keil.o(RESET)
    am_timer11_isr                           0x0001822f   Thumb Code     0  startup_keil.o(RESET)
    am_timer12_isr                           0x0001822f   Thumb Code     0  startup_keil.o(RESET)
    am_timer13_isr                           0x0001822f   Thumb Code     0  startup_keil.o(RESET)
    am_timer14_isr                           0x0001822f   Thumb Code     0  startup_keil.o(RESET)
    am_timer15_isr                           0x0001822f   Thumb Code     0  startup_keil.o(RESET)
    am_uart1_isr                             0x0001822f   Thumb Code     0  startup_keil.o(RESET)
    am_uart2_isr                             0x0001822f   Thumb Code     0  startup_keil.o(RESET)
    am_uart3_isr                             0x0001822f   Thumb Code     0  startup_keil.o(RESET)
    am_uart_isr                              0x0001822f   Thumb Code     0  startup_keil.o(RESET)
    am_usb_isr                               0x0001822f   Thumb Code     0  startup_keil.o(RESET)
    am_vcomp_isr                             0x0001822f   Thumb Code     0  startup_keil.o(RESET)
    am_watchdog_isr                          0x0001822f   Thumb Code     0  startup_keil.o(RESET)
    __main                                   0x00018235   Thumb Code     8  __main.o(!!!main)
    __scatterload                            0x0001823d   Thumb Code     0  __scatter.o(!!!scatter)
    __scatterload_rt2                        0x0001823d   Thumb Code    44  __scatter.o(!!!scatter)
    __scatterload_rt2_thumb_only             0x0001823d   Thumb Code     0  __scatter.o(!!!scatter)
    __scatterload_null                       0x0001824b   Thumb Code     0  __scatter.o(!!!scatter)
    __decompress                             0x00018271   Thumb Code    90  __dczerorl2.o(!!dczerorl2)
    __decompress1                            0x00018271   Thumb Code     0  __dczerorl2.o(!!dczerorl2)
    __scatterload_copy                       0x000182cd   Thumb Code    26  __scatter_copy.o(!!handler_copy)
    __scatterload_zeroinit                   0x000182e9   Thumb Code    28  __scatter_zi.o(!!handler_zi)
    __rt_lib_init                            0x00018305   Thumb Code     0  libinit.o(.ARM.Collect$$libinit$$00000000)
    __rt_lib_init_fp_1                       0x00018307   Thumb Code     0  libinit2.o(.ARM.Collect$$libinit$$00000001)
    __rt_lib_init_alloca_1                   0x0001830b   Thumb Code     0  libinit2.o(.ARM.Collect$$libinit$$0000002E)
    __rt_lib_init_argv_1                     0x0001830b   Thumb Code     0  libinit2.o(.ARM.Collect$$libinit$$0000002C)
    __rt_lib_init_atexit_1                   0x0001830b   Thumb Code     0  libinit2.o(.ARM.Collect$$libinit$$0000001B)
    __rt_lib_init_clock_1                    0x0001830b   Thumb Code     0  libinit2.o(.ARM.Collect$$libinit$$00000021)
    __rt_lib_init_cpp_1                      0x0001830b   Thumb Code     0  libinit2.o(.ARM.Collect$$libinit$$00000032)
    __rt_lib_init_exceptions_1               0x0001830b   Thumb Code     0  libinit2.o(.ARM.Collect$$libinit$$00000030)
    __rt_lib_init_fp_trap_1                  0x0001830b   Thumb Code     0  libinit2.o(.ARM.Collect$$libinit$$0000001F)
    __rt_lib_init_getenv_1                   0x0001830b   Thumb Code     0  libinit2.o(.ARM.Collect$$libinit$$00000023)
    __rt_lib_init_heap_1                     0x0001830b   Thumb Code     0  libinit2.o(.ARM.Collect$$libinit$$0000000A)
    __rt_lib_init_lc_collate_1               0x0001830b   Thumb Code     0  libinit2.o(.ARM.Collect$$libinit$$00000011)
    __rt_lib_init_lc_ctype_1                 0x0001830b   Thumb Code     0  libinit2.o(.ARM.Collect$$libinit$$00000013)
    __rt_lib_init_lc_monetary_1              0x0001830b   Thumb Code     0  libinit2.o(.ARM.Collect$$libinit$$00000015)
    __rt_lib_init_lc_numeric_1               0x0001830b   Thumb Code     0  libinit2.o(.ARM.Collect$$libinit$$00000017)
    __rt_lib_init_lc_time_1                  0x0001830b   Thumb Code     0  libinit2.o(.ARM.Collect$$libinit$$00000019)
    __rt_lib_init_preinit_1                  0x0001830b   Thumb Code     0  libinit2.o(.ARM.Collect$$libinit$$00000004)
    __rt_lib_init_rand_1                     0x0001830b   Thumb Code     0  libinit2.o(.ARM.Collect$$libinit$$0000000E)
    __rt_lib_init_return                     0x0001830b   Thumb Code     0  libinit2.o(.ARM.Collect$$libinit$$00000033)
    __rt_lib_init_signal_1                   0x0001830b   Thumb Code     0  libinit2.o(.ARM.Collect$$libinit$$0000001D)
    __rt_lib_init_stdio_1                    0x0001830b   Thumb Code     0  libinit2.o(.ARM.Collect$$libinit$$00000025)
    __rt_lib_init_user_alloc_1               0x0001830b   Thumb Code     0  libinit2.o(.ARM.Collect$$libinit$$0000000C)
    __rt_lib_shutdown                        0x0001830d   Thumb Code     0  libshutdown.o(.ARM.Collect$$libshutdown$$00000000)
    __rt_lib_shutdown_cpp_1                  0x0001830f   Thumb Code     0  libshutdown2.o(.ARM.Collect$$libshutdown$$00000004)
    __rt_lib_shutdown_fini_1                 0x0001830f   Thumb Code     0  libshutdown2.o(.ARM.Collect$$libshutdown$$00000002)
    __rt_lib_shutdown_fp_trap_1              0x0001830f   Thumb Code     0  libshutdown2.o(.ARM.Collect$$libshutdown$$00000009)
    __rt_lib_shutdown_heap_1                 0x0001830f   Thumb Code     0  libshutdown2.o(.ARM.Collect$$libshutdown$$00000011)
    __rt_lib_shutdown_return                 0x0001830f   Thumb Code     0  libshutdown2.o(.ARM.Collect$$libshutdown$$00000012)
    __rt_lib_shutdown_signal_1               0x0001830f   Thumb Code     0  libshutdown2.o(.ARM.Collect$$libshutdown$$0000000C)
    __rt_lib_shutdown_stdio_1                0x0001830f   Thumb Code     0  libshutdown2.o(.ARM.Collect$$libshutdown$$00000006)
    __rt_lib_shutdown_user_alloc_1           0x0001830f   Thumb Code     0  libshutdown2.o(.ARM.Collect$$libshutdown$$0000000E)
    __rt_entry                               0x00018311   Thumb Code     0  __rtentry.o(.ARM.Collect$$rtentry$$00000000)
    __rt_entry_presh_1                       0x00018311   Thumb Code     0  __rtentry2.o(.ARM.Collect$$rtentry$$00000002)
    __rt_entry_sh                            0x00018311   Thumb Code     0  __rtentry4.o(.ARM.Collect$$rtentry$$00000004)
    __rt_entry_li                            0x00018317   Thumb Code     0  __rtentry2.o(.ARM.Collect$$rtentry$$0000000A)
    __rt_entry_postsh_1                      0x00018317   Thumb Code     0  __rtentry2.o(.ARM.Collect$$rtentry$$00000009)
    __rt_entry_main                          0x0001831b   Thumb Code     0  __rtentry2.o(.ARM.Collect$$rtentry$$0000000D)
    __rt_entry_postli_1                      0x0001831b   Thumb Code     0  __rtentry2.o(.ARM.Collect$$rtentry$$0000000C)
    __rt_exit                                0x00018323   Thumb Code     0  rtexit.o(.ARM.Collect$$rtexit$$00000000)
    __rt_exit_ls                             0x00018325   Thumb Code     0  rtexit2.o(.ARM.Collect$$rtexit$$00000003)
    __rt_exit_prels_1                        0x00018325   Thumb Code     0  rtexit2.o(.ARM.Collect$$rtexit$$00000002)
    __rt_exit_exit                           0x00018329   Thumb Code     0  rtexit2.o(.ARM.Collect$$rtexit$$00000004)
    am_hal_interrupt_master_enable           0x00018331   Thumb Code     8  am_hal_interrupt.o(.emb_text)
    am_hal_interrupt_master_disable          0x00018339   Thumb Code     8  am_hal_interrupt.o(.emb_text)
    am_hal_interrupt_master_set              0x00018341   Thumb Code     6  am_hal_interrupt.o(.emb_text)
    __user_initial_stackheap                 0x00018349   Thumb Code    10  startup_keil.o(.text)
    __aeabi_llsl                             0x00018361   Thumb Code     0  llshl.o(.text)
    _ll_shift_l                              0x00018361   Thumb Code    38  llshl.o(.text)
    __aeabi_llsr                             0x00018387   Thumb Code     0  llushr.o(.text)
    _ll_ushift_r                             0x00018387   Thumb Code    38  llushr.o(.text)
    __aeabi_memcpy                           0x000183ad   Thumb Code     0  rt_memcpy_v6.o(.text)
    __rt_memcpy                              0x000183ad   Thumb Code   138  rt_memcpy_v6.o(.text)
    _memcpy_lastbytes                        0x00018413   Thumb Code     0  rt_memcpy_v6.o(.text)
    __aeabi_memcpy4                          0x00018437   Thumb Code     0  rt_memcpy_w.o(.text)
    __aeabi_memcpy8                          0x00018437   Thumb Code     0  rt_memcpy_w.o(.text)
    __rt_memcpy_w                            0x00018437   Thumb Code   100  rt_memcpy_w.o(.text)
    _memcpy_lastbytes_aligned                0x0001847f   Thumb Code     0  rt_memcpy_w.o(.text)
    __use_two_region_memory                  0x0001849b   Thumb Code     2  heapauxi.o(.text)
    __rt_heap_escrow$2region                 0x0001849d   Thumb Code     2  heapauxi.o(.text)
    __rt_heap_expand$2region                 0x0001849f   Thumb Code     2  heapauxi.o(.text)
    __user_setup_stackheap                   0x000184a1   Thumb Code    74  sys_stackheap_outer.o(.text)
    exit                                     0x000184eb   Thumb Code    18  exit.o(.text)
    __user_libspace                          0x000184fd   Thumb Code     8  libspace.o(.text)
    __user_perproc_libspace                  0x000184fd   Thumb Code     0  libspace.o(.text)
    __user_perthread_libspace                0x000184fd   Thumb Code     0  libspace.o(.text)
    _sys_exit                                0x00018505   Thumb Code     8  sys_exit.o(.text)
    __I$use$semihosting                      0x00018511   Thumb Code     0  use_no_semi.o(.text)
    __use_no_semihosting_swi                 0x00018511   Thumb Code     2  use_no_semi.o(.text)
    __ARM_common_memcpy4_5                   0x00018513   Thumb Code    10  am_hal_cachectrl.o(i.__ARM_common_memcpy4_5)
    __semihosting_library_function           0x00018513   Thumb Code     0  indicate_semi.o(.text)
    am_bsp_iom_pins_disable                  0x0001851d   Thumb Code   614  am_bsp.o(i.am_bsp_iom_pins_disable)
    am_bsp_iom_pins_enable                   0x00018789   Thumb Code   680  am_bsp.o(i.am_bsp_iom_pins_enable)
    am_bsp_itm_printf_enable                 0x00018ae9   Thumb Code    96  am_bsp.o(i.am_bsp_itm_printf_enable)
    am_bsp_low_power_init                    0x00018b61   Thumb Code    22  am_bsp.o(i.am_bsp_low_power_init)
    am_devices_cooper_blocking_read          0x00018b79   Thumb Code   274  am_devices_cooper.o(i.am_devices_cooper_blocking_read)
    am_devices_cooper_blocking_write         0x00018c99   Thumb Code   326  am_devices_cooper.o(i.am_devices_cooper_blocking_write)
    am_devices_cooper_command_write          0x00018df5   Thumb Code   122  am_devices_cooper.o(i.am_devices_cooper_command_write)
    am_devices_cooper_get_FwImage            0x00018e79   Thumb Code    48  am_devices_cooper.o(i.am_devices_cooper_get_FwImage)
    am_devices_cooper_init                   0x00018ead   Thumb Code   526  am_devices_cooper.o(i.am_devices_cooper_init)
    am_devices_cooper_reset_with_sbl_check   0x00019115   Thumb Code   180  am_devices_cooper.o(i.am_devices_cooper_reset_with_sbl_check)
    am_devices_cooper_term                   0x0001926d   Thumb Code   164  am_devices_cooper.o(i.am_devices_cooper_term)
    am_devices_cooper_update_image           0x00019319   Thumb Code  1782  am_devices_cooper.o(i.am_devices_cooper_update_image)
    am_hal_cmdq_disable                      0x00019a31   Thumb Code    60  am_hal_cmdq.o(i.am_hal_cmdq_disable)
    am_hal_cmdq_enable                       0x00019a71   Thumb Code    78  am_hal_cmdq.o(i.am_hal_cmdq_enable)
    am_hal_cmdq_init                         0x00019ac9   Thumb Code   226  am_hal_cmdq.o(i.am_hal_cmdq_init)
    am_hal_cmdq_term                         0x00019bb9   Thumb Code   132  am_hal_cmdq.o(i.am_hal_cmdq_term)
    am_hal_crc32                             0x00019c41   Thumb Code    88  am_hal_security.o(i.am_hal_crc32)
    am_hal_daxi_config                       0x00019ca5   Thumb Code   144  am_hal_cachectrl.o(i.am_hal_daxi_config)
    am_hal_daxi_control                      0x00019d3d   Thumb Code   118  am_hal_cachectrl.o(i.am_hal_daxi_control)
    am_hal_dcu_get                           0x00019dbd   Thumb Code   132  am_hal_dcu.o(i.am_hal_dcu_get)
    am_hal_dcu_update                        0x00019e4d   Thumb Code   214  am_hal_dcu.o(i.am_hal_dcu_update)
    am_hal_delay_us                          0x00019f31   Thumb Code    34  am_hal_utils.o(i.am_hal_delay_us)
    am_hal_delay_us_status_change            0x00019f5d   Thumb Code    80  am_hal_utils.o(i.am_hal_delay_us_status_change)
    am_hal_delay_us_status_check             0x00019fb5   Thumb Code    92  am_hal_utils.o(i.am_hal_delay_us_status_check)
    am_hal_fault_capture_enable              0x0001a019   Thumb Code    18  am_hal_fault.o(i.am_hal_fault_capture_enable)
    am_hal_gpio_pinconfig                    0x0001a02d   Thumb Code    76  am_hal_gpio.o(i.am_hal_gpio_pinconfig)
    am_hal_gpio_state_write                  0x0001a081   Thumb Code   114  am_hal_gpio.o(i.am_hal_gpio_state_write)
    am_hal_iom_blocking_transfer             0x0001a0f5   Thumb Code   788  am_hal_iom.o(i.am_hal_iom_blocking_transfer)
    am_hal_iom_configure                     0x0001a421   Thumb Code   694  am_hal_iom.o(i.am_hal_iom_configure)
    am_hal_iom_disable                       0x0001a715   Thumb Code   128  am_hal_iom.o(i.am_hal_iom_disable)
    am_hal_iom_enable                        0x0001a799   Thumb Code   274  am_hal_iom.o(i.am_hal_iom_enable)
    am_hal_iom_initialize                    0x0001a8b5   Thumb Code    76  am_hal_iom.o(i.am_hal_iom_initialize)
    am_hal_iom_power_ctrl                    0x0001a909   Thumb Code   802  am_hal_iom.o(i.am_hal_iom_power_ctrl)
    am_hal_iom_uninitialize                  0x0001ac35   Thumb Code   136  am_hal_iom.o(i.am_hal_iom_uninitialize)
    am_hal_itm_enable                        0x0001acc1   Thumb Code    44  am_hal_itm.o(i.am_hal_itm_enable)
    am_hal_itm_print                         0x0001ad09   Thumb Code    48  am_hal_itm.o(i.am_hal_itm_print)
    am_hal_mcuctrl_control                   0x0001ad39   Thumb Code   356  am_hal_mcuctrl.o(i.am_hal_mcuctrl_control)
    am_hal_mram_info_read                    0x0001aea9   Thumb Code   108  am_hal_mram.o(i.am_hal_mram_info_read)
    am_hal_pwrctrl_control                   0x0001af19   Thumb Code   532  am_hal_pwrctrl.o(i.am_hal_pwrctrl_control)
    am_hal_pwrctrl_low_power_init            0x0001b141   Thumb Code   262  am_hal_pwrctrl.o(i.am_hal_pwrctrl_low_power_init)
    am_hal_pwrctrl_mcu_memory_config         0x0001b265   Thumb Code   276  am_hal_pwrctrl.o(i.am_hal_pwrctrl_mcu_memory_config)
    am_hal_pwrctrl_periph_disable            0x0001b381   Thumb Code   274  am_hal_pwrctrl.o(i.am_hal_pwrctrl_periph_disable)
    am_hal_pwrctrl_periph_enable             0x0001b4ad   Thumb Code   166  am_hal_pwrctrl.o(i.am_hal_pwrctrl_periph_enable)
    am_hal_pwrctrl_sram_config               0x0001b561   Thumb Code   158  am_hal_pwrctrl.o(i.am_hal_pwrctrl_sram_config)
    am_hal_rtc_osc_disable                   0x0001b609   Thumb Code    14  am_hal_rtc.o(i.am_hal_rtc_osc_disable)
    am_hal_tpiu_enable                       0x0001b61d   Thumb Code    82  am_hal_tpiu.o(i.am_hal_tpiu_enable)
    am_util_ble_update_sign_set              0x0001b689   Thumb Code   102  am_util_ble_cooper.o(i.am_util_ble_update_sign_set)
    am_util_delay_ms                         0x0001b6f9   Thumb Code    10  am_util_delay.o(i.am_util_delay_ms)
    am_util_delay_us                         0x0001b703   Thumb Code     4  am_util_delay.o(i.am_util_delay_us)
    am_util_stdio_printf                     0x0001b709   Thumb Code    44  am_util_stdio.o(i.am_util_stdio_printf)
    am_util_stdio_printf_init                0x0001b73d   Thumb Code     6  am_util_stdio.o(i.am_util_stdio_printf_init)
    am_util_stdio_terminal_clear             0x0001b749   Thumb Code    32  am_util_stdio.o(i.am_util_stdio_terminal_clear)
    am_util_stdio_vsprintf                   0x0001b785   Thumb Code  1838  am_util_stdio.o(i.am_util_stdio_vsprintf)
    crypto_boost_trims                       0x0001bee9   Thumb Code   166  am_hal_pwrctrl.o(i.crypto_boost_trims)
    main                                     0x0001c0e1   Thumb Code   152  ble_firmware_update.o(i.main)
    send_update                              0x0001c349   Thumb Code   100  am_devices_cooper.o(i.send_update)
    validate_transaction                     0x0001c4d9   Thumb Code   144  am_hal_iom.o(i.validate_transaction)
    __aeabi_d2f                              0x0001c56d   Thumb Code     0  d2f.o(x$fpl$d2f)
    _d2f                                     0x0001c56d   Thumb Code    98  d2f.o(x$fpl$d2f)
    __fpl_dnaninf                            0x0001c5cf   Thumb Code   156  dnaninf.o(x$fpl$dnaninf)
    _fp_init                                 0x0001c66b   Thumb Code    10  fpinit.o(x$fpl$fpinit)
    __fplib_config_fpu_vfp                   0x0001c673   Thumb Code     0  fpinit.o(x$fpl$fpinit)
    __fplib_config_pureend_doubles           0x0001c673   Thumb Code     0  fpinit.o(x$fpl$fpinit)
    __fpl_fretinf                            0x0001c675   Thumb Code    10  fretinf.o(x$fpl$fretinf)
    __I$use$fp                               0x0001c67e   Number         0  usenofp.o(x$fpl$usenofp)
    ui32MCUAllowed                           0x0001c680   Data          20  am_resources.o(.constdata)
    ui32DSP0Allowed                          0x0001c694   Data          20  am_resources.o(.constdata)
    ui32DSP1Allowed                          0x0001c6a8   Data          20  am_resources.o(.constdata)
    ui32SharedAccess                         0x0001c6bc   Data          20  am_resources.o(.constdata)
    sGlobalAccess                            0x0001c6d0   Data          28  am_resources.o(.constdata)
    ble_fw_image_bin                         0x0001c6ec   Data       144064  ble_firmware_update.o(.constdata)
    am_hal_gpio_pincfg_output                0x0003f9ac   Data           4  am_hal_gpio.o(.constdata)
    am_hal_gpio_pincfg_input                 0x0003f9b0   Data           4  am_hal_gpio.o(.constdata)
    am_hal_gpio_pincfg_disabled              0x0003f9b4   Data           4  am_hal_gpio.o(.constdata)
    g_am_hal_bootrom_helper                  0x0003f9c8   Data          40  am_hal_bootrom_helper.o(.constdata)
    am_hal_daxi_defaults                     0x0003f9f0   Data           5  am_hal_cachectrl.o(.constdata)
    g_DefaultMcuMemCfg                       0x0003fbb0   Data           6  am_hal_pwrctrl.o(.constdata)
    g_DefaultSRAMCfg                         0x0003fbb6   Data           6  am_hal_pwrctrl.o(.constdata)
    am_hal_pwrctrl_peripheral_control        0x0003fbbc   Data         544  am_hal_pwrctrl.o(.constdata)
    Region$$Table$$Base                      0x0003fed0   Number         0  anon$$obj.o(Region$$Table)
    Region$$Table$$Limit                     0x0003ff00   Number         0  anon$$obj.o(Region$$Table)
    g_IomDevHdl                              0x10000000   Data           4  ble_firmware_update.o(.data)
    g_pvHciSpiHandle                         0x10000004   Data           4  ble_firmware_update.o(.data)
    g_AM_DEVICES_COOPER_32M_CLK              0x10000018   Data           4  am_devices_cooper.o(.data)
    g_AM_DEVICES_COOPER_32K_CLK              0x1000001c   Data           4  am_devices_cooper.o(.data)
    g_AM_DEVICES_COOPER_CLKREQ               0x10000020   Data           4  am_devices_cooper.o(.data)
    sLengthBytes                             0x10000028   Data           4  am_devices_cooper.o(.data)
    g_pfnCharPrint                           0x10000050   Data           4  am_util_stdio.o(.data)
    g_ui32HALflags                           0x10000054   Data           4  am_hal_global.o(.data)
    g_AM_BSP_GPIO_IOM0_CS                    0x10000060   Data           4  am_bsp_pins.o(.data)
    g_AM_BSP_GPIO_IOM0_MISO                  0x10000064   Data           4  am_bsp_pins.o(.data)
    g_AM_BSP_GPIO_IOM0_MOSI                  0x10000068   Data           4  am_bsp_pins.o(.data)
    g_AM_BSP_GPIO_IOM0_SCK                   0x1000006c   Data           4  am_bsp_pins.o(.data)
    g_AM_BSP_GPIO_IOM0_SCL                   0x10000070   Data           4  am_bsp_pins.o(.data)
    g_AM_BSP_GPIO_IOM0_SDA                   0x10000074   Data           4  am_bsp_pins.o(.data)
    g_AM_BSP_GPIO_IOM1_CS                    0x10000078   Data           4  am_bsp_pins.o(.data)
    g_AM_BSP_GPIO_IOM1_MISO                  0x1000007c   Data           4  am_bsp_pins.o(.data)
    g_AM_BSP_GPIO_IOM1_MOSI                  0x10000080   Data           4  am_bsp_pins.o(.data)
    g_AM_BSP_GPIO_IOM1_SCK                   0x10000084   Data           4  am_bsp_pins.o(.data)
    g_AM_BSP_GPIO_IOM1_SCL                   0x10000088   Data           4  am_bsp_pins.o(.data)
    g_AM_BSP_GPIO_IOM1_SDA                   0x1000008c   Data           4  am_bsp_pins.o(.data)
    g_AM_BSP_GPIO_IOM2_CS                    0x10000090   Data           4  am_bsp_pins.o(.data)
    g_AM_BSP_GPIO_IOM2_MISO                  0x10000094   Data           4  am_bsp_pins.o(.data)
    g_AM_BSP_GPIO_IOM2_MOSI                  0x10000098   Data           4  am_bsp_pins.o(.data)
    g_AM_BSP_GPIO_IOM2_SCK                   0x1000009c   Data           4  am_bsp_pins.o(.data)
    g_AM_BSP_GPIO_IOM2_SCL                   0x100000a0   Data           4  am_bsp_pins.o(.data)
    g_AM_BSP_GPIO_IOM2_SDA                   0x100000a4   Data           4  am_bsp_pins.o(.data)
    g_AM_BSP_GPIO_IOM3_CS                    0x100000a8   Data           4  am_bsp_pins.o(.data)
    g_AM_BSP_GPIO_IOM3_MISO                  0x100000ac   Data           4  am_bsp_pins.o(.data)
    g_AM_BSP_GPIO_IOM3_MOSI                  0x100000b0   Data           4  am_bsp_pins.o(.data)
    g_AM_BSP_GPIO_IOM3_SCK                   0x100000b4   Data           4  am_bsp_pins.o(.data)
    g_AM_BSP_GPIO_IOM3_SCL                   0x100000b8   Data           4  am_bsp_pins.o(.data)
    g_AM_BSP_GPIO_IOM3_SDA                   0x100000bc   Data           4  am_bsp_pins.o(.data)
    g_AM_BSP_GPIO_IOM4_CS                    0x100000c0   Data           4  am_bsp_pins.o(.data)
    g_AM_BSP_GPIO_IOM4_MISO                  0x100000c4   Data           4  am_bsp_pins.o(.data)
    g_AM_BSP_GPIO_IOM4_MOSI                  0x100000c8   Data           4  am_bsp_pins.o(.data)
    g_AM_BSP_GPIO_IOM4_SCK                   0x100000cc   Data           4  am_bsp_pins.o(.data)
    g_AM_BSP_GPIO_IOM5_CS                    0x100000d0   Data           4  am_bsp_pins.o(.data)
    g_AM_BSP_GPIO_IOM5_MISO                  0x100000d4   Data           4  am_bsp_pins.o(.data)
    g_AM_BSP_GPIO_IOM5_MOSI                  0x100000d8   Data           4  am_bsp_pins.o(.data)
    g_AM_BSP_GPIO_IOM5_SCK                   0x100000dc   Data           4  am_bsp_pins.o(.data)
    g_AM_BSP_GPIO_IOM5_SCL                   0x100000e0   Data           4  am_bsp_pins.o(.data)
    g_AM_BSP_GPIO_IOM5_SDA                   0x100000e4   Data           4  am_bsp_pins.o(.data)
    g_AM_BSP_GPIO_IOM6_CS                    0x100000e8   Data           4  am_bsp_pins.o(.data)
    g_AM_BSP_GPIO_IOM6_MISO                  0x100000ec   Data           4  am_bsp_pins.o(.data)
    g_AM_BSP_GPIO_IOM6_MOSI                  0x100000f0   Data           4  am_bsp_pins.o(.data)
    g_AM_BSP_GPIO_IOM6_SCK                   0x100000f4   Data           4  am_bsp_pins.o(.data)
    g_AM_BSP_GPIO_IOM6_SCL                   0x100000f8   Data           4  am_bsp_pins.o(.data)
    g_AM_BSP_GPIO_IOM6_SDA                   0x100000fc   Data           4  am_bsp_pins.o(.data)
    g_AM_BSP_GPIO_IOM7_CS                    0x10000100   Data           4  am_bsp_pins.o(.data)
    g_AM_BSP_GPIO_IOM7_MISO                  0x10000104   Data           4  am_bsp_pins.o(.data)
    g_AM_BSP_GPIO_IOM7_MOSI                  0x10000108   Data           4  am_bsp_pins.o(.data)
    g_AM_BSP_GPIO_IOM7_SCK                   0x1000010c   Data           4  am_bsp_pins.o(.data)
    g_AM_BSP_GPIO_IOM7_SCL                   0x10000110   Data           4  am_bsp_pins.o(.data)
    g_AM_BSP_GPIO_IOM7_SDA                   0x10000114   Data           4  am_bsp_pins.o(.data)
    g_AM_BSP_GPIO_ITM_SWO                    0x10000118   Data           4  am_bsp_pins.o(.data)
    g_ui32xtalhscap2trim                     0x1000011c   Data           4  am_hal_mcuctrl.o(.data)
    g_ui32xtalhscaptrim                      0x10000120   Data           4  am_hal_mcuctrl.o(.data)
    gDaxiConfig                              0x10000124   Data           5  am_hal_cachectrl.o(.data)
    gStartOff                                0x10000130   Data           4  am_hal_dcu.o(.data)
    gpDcuEnable                              0x10000134   Data           4  am_hal_dcu.o(.data)
    gpDcuLock                                0x10000138   Data           4  am_hal_dcu.o(.data)
    gDcuEnable                               0x10000140   Data           8  am_hal_dcu.o(.data)
    gDcuDisable                              0x10000148   Data           8  am_hal_dcu.o(.data)
    g_eCurrPwrMode                           0x10000150   Data           1  am_hal_pwrctrl.o(.data)
    g_ui32TrimVer                            0x10000158   Data           4  am_hal_pwrctrl.o(.data)
    g_ui32origSimobuckVDDStrim               0x1000015c   Data           4  am_hal_pwrctrl.o(.data)
    DMATCBBuffer                             0x1000018c   Data        8192  ble_firmware_update.o(.bss)
    gAmCooper                                0x1000219c   Data          36  am_devices_cooper.o(.bss)
    g_IOMhandles                             0x10002600   Data       17728  am_hal_iom.o(.bss)
    __libspace_start                         0x10006d24   Data          96  libspace.o(.bss)
    __temporary_stack_top$libspace           0x10006d84   Data           0  libspace.o(.bss)
    psGlobalAccessPtr                        0x10060000   Data           4  am_resources.o(RESOURCE_TABLE)
    ui32MCUClaimed                           0x10060004   Data          20  am_resources.o(SHARED_RW)
    ui32DSP0Claimed                          0x10060018   Data          20  am_resources.o(SHARED_RW)
    ui32DSP1Claimed                          0x1006002c   Data          20  am_resources.o(SHARED_RW)



==============================================================================

Memory Map of the image

  Image Entry point : 0x00018235

  Load Region LR_1 (Base: 0x00018000, Size: 0x000280cc, Max: 0xffffffff, ABSOLUTE, COMPRESSED[0x00027fb8])

    Execution Region MCU_MRAM (Exec base: 0x00018000, Load base: 0x00018000, Size: 0x00027f00, Max: 0x001e8000, ABSOLUTE)

    Exec Addr    Load Addr    Size         Type   Attr      Idx    E Section Name        Object

    0x00018000   0x00018000   0x00000234   Code   RO          777    RESET               startup_keil.o
    0x00018234   0x00018234   0x00000008   Code   RO         1572  * !!!main             c_w.l(__main.o)
    0x0001823c   0x0001823c   0x00000034   Code   RO         1742    !!!scatter          c_w.l(__scatter.o)
    0x00018270   0x00018270   0x0000005a   Code   RO         1740    !!dczerorl2         c_w.l(__dczerorl2.o)
    0x000182ca   0x000182ca   0x00000002   PAD
    0x000182cc   0x000182cc   0x0000001a   Code   RO         1574    !!handler_copy      c_w.l(__scatter_copy.o)
    0x000182e6   0x000182e6   0x00000002   PAD
    0x000182e8   0x000182e8   0x0000001c   Code   RO         1744    !!handler_zi        c_w.l(__scatter_zi.o)
    0x00018304   0x00018304   0x00000002   Code   RO         1608    .ARM.Collect$$libinit$$00000000  c_w.l(libinit.o)
    0x00018306   0x00018306   0x00000004   Code   RO         1614    .ARM.Collect$$libinit$$00000001  c_w.l(libinit2.o)
    0x0001830a   0x0001830a   0x00000000   Code   RO         1617    .ARM.Collect$$libinit$$00000004  c_w.l(libinit2.o)
    0x0001830a   0x0001830a   0x00000000   Code   RO         1620    .ARM.Collect$$libinit$$0000000A  c_w.l(libinit2.o)
    0x0001830a   0x0001830a   0x00000000   Code   RO         1622    .ARM.Collect$$libinit$$0000000C  c_w.l(libinit2.o)
    0x0001830a   0x0001830a   0x00000000   Code   RO         1624    .ARM.Collect$$libinit$$0000000E  c_w.l(libinit2.o)
    0x0001830a   0x0001830a   0x00000000   Code   RO         1627    .ARM.Collect$$libinit$$00000011  c_w.l(libinit2.o)
    0x0001830a   0x0001830a   0x00000000   Code   RO         1629    .ARM.Collect$$libinit$$00000013  c_w.l(libinit2.o)
    0x0001830a   0x0001830a   0x00000000   Code   RO         1631    .ARM.Collect$$libinit$$00000015  c_w.l(libinit2.o)
    0x0001830a   0x0001830a   0x00000000   Code   RO         1633    .ARM.Collect$$libinit$$00000017  c_w.l(libinit2.o)
    0x0001830a   0x0001830a   0x00000000   Code   RO         1635    .ARM.Collect$$libinit$$00000019  c_w.l(libinit2.o)
    0x0001830a   0x0001830a   0x00000000   Code   RO         1637    .ARM.Collect$$libinit$$0000001B  c_w.l(libinit2.o)
    0x0001830a   0x0001830a   0x00000000   Code   RO         1639    .ARM.Collect$$libinit$$0000001D  c_w.l(libinit2.o)
    0x0001830a   0x0001830a   0x00000000   Code   RO         1641    .ARM.Collect$$libinit$$0000001F  c_w.l(libinit2.o)
    0x0001830a   0x0001830a   0x00000000   Code   RO         1643    .ARM.Collect$$libinit$$00000021  c_w.l(libinit2.o)
    0x0001830a   0x0001830a   0x00000000   Code   RO         1645    .ARM.Collect$$libinit$$00000023  c_w.l(libinit2.o)
    0x0001830a   0x0001830a   0x00000000   Code   RO         1647    .ARM.Collect$$libinit$$00000025  c_w.l(libinit2.o)
    0x0001830a   0x0001830a   0x00000000   Code   RO         1651    .ARM.Collect$$libinit$$0000002C  c_w.l(libinit2.o)
    0x0001830a   0x0001830a   0x00000000   Code   RO         1653    .ARM.Collect$$libinit$$0000002E  c_w.l(libinit2.o)
    0x0001830a   0x0001830a   0x00000000   Code   RO         1655    .ARM.Collect$$libinit$$00000030  c_w.l(libinit2.o)
    0x0001830a   0x0001830a   0x00000000   Code   RO         1657    .ARM.Collect$$libinit$$00000032  c_w.l(libinit2.o)
    0x0001830a   0x0001830a   0x00000002   Code   RO         1658    .ARM.Collect$$libinit$$00000033  c_w.l(libinit2.o)
    0x0001830c   0x0001830c   0x00000002   Code   RO         1678    .ARM.Collect$$libshutdown$$00000000  c_w.l(libshutdown.o)
    0x0001830e   0x0001830e   0x00000000   Code   RO         1691    .ARM.Collect$$libshutdown$$00000002  c_w.l(libshutdown2.o)
    0x0001830e   0x0001830e   0x00000000   Code   RO         1693    .ARM.Collect$$libshutdown$$00000004  c_w.l(libshutdown2.o)
    0x0001830e   0x0001830e   0x00000000   Code   RO         1695    .ARM.Collect$$libshutdown$$00000006  c_w.l(libshutdown2.o)
    0x0001830e   0x0001830e   0x00000000   Code   RO         1698    .ARM.Collect$$libshutdown$$00000009  c_w.l(libshutdown2.o)
    0x0001830e   0x0001830e   0x00000000   Code   RO         1701    .ARM.Collect$$libshutdown$$0000000C  c_w.l(libshutdown2.o)
    0x0001830e   0x0001830e   0x00000000   Code   RO         1703    .ARM.Collect$$libshutdown$$0000000E  c_w.l(libshutdown2.o)
    0x0001830e   0x0001830e   0x00000000   Code   RO         1706    .ARM.Collect$$libshutdown$$00000011  c_w.l(libshutdown2.o)
    0x0001830e   0x0001830e   0x00000002   Code   RO         1707    .ARM.Collect$$libshutdown$$00000012  c_w.l(libshutdown2.o)
    0x00018310   0x00018310   0x00000000   Code   RO         1578    .ARM.Collect$$rtentry$$00000000  c_w.l(__rtentry.o)
    0x00018310   0x00018310   0x00000000   Code   RO         1585    .ARM.Collect$$rtentry$$00000002  c_w.l(__rtentry2.o)
    0x00018310   0x00018310   0x00000006   Code   RO         1597    .ARM.Collect$$rtentry$$00000004  c_w.l(__rtentry4.o)
    0x00018316   0x00018316   0x00000000   Code   RO         1587    .ARM.Collect$$rtentry$$00000009  c_w.l(__rtentry2.o)
    0x00018316   0x00018316   0x00000004   Code   RO         1588    .ARM.Collect$$rtentry$$0000000A  c_w.l(__rtentry2.o)
    0x0001831a   0x0001831a   0x00000000   Code   RO         1590    .ARM.Collect$$rtentry$$0000000C  c_w.l(__rtentry2.o)
    0x0001831a   0x0001831a   0x00000008   Code   RO         1591    .ARM.Collect$$rtentry$$0000000D  c_w.l(__rtentry2.o)
    0x00018322   0x00018322   0x00000002   Code   RO         1612    .ARM.Collect$$rtexit$$00000000  c_w.l(rtexit.o)
    0x00018324   0x00018324   0x00000000   Code   RO         1660    .ARM.Collect$$rtexit$$00000002  c_w.l(rtexit2.o)
    0x00018324   0x00018324   0x00000004   Code   RO         1661    .ARM.Collect$$rtexit$$00000003  c_w.l(rtexit2.o)
    0x00018328   0x00018328   0x00000006   Code   RO         1662    .ARM.Collect$$rtexit$$00000004  c_w.l(rtexit2.o)
    0x0001832e   0x0001832e   0x00000002   PAD
    0x00018330   0x00018330   0x00000016   Code   RO         1272    .emb_text           libam_hal.lib(am_hal_interrupt.o)
    0x00018346   0x00018346   0x00000002   PAD
    0x00018348   0x00018348   0x00000018   Code   RO          778    .text               startup_keil.o
    0x00018360   0x00018360   0x00000026   Code   RO         1560    .text               c_w.l(llshl.o)
    0x00018386   0x00018386   0x00000026   Code   RO         1562    .text               c_w.l(llushr.o)
    0x000183ac   0x000183ac   0x0000008a   Code   RO         1564    .text               c_w.l(rt_memcpy_v6.o)
    0x00018436   0x00018436   0x00000064   Code   RO         1566    .text               c_w.l(rt_memcpy_w.o)
    0x0001849a   0x0001849a   0x00000006   Code   RO         1570    .text               c_w.l(heapauxi.o)
    0x000184a0   0x000184a0   0x0000004a   Code   RO         1599    .text               c_w.l(sys_stackheap_outer.o)
    0x000184ea   0x000184ea   0x00000012   Code   RO         1601    .text               c_w.l(exit.o)
    0x000184fc   0x000184fc   0x00000008   Code   RO         1609    .text               c_w.l(libspace.o)
    0x00018504   0x00018504   0x0000000c   Code   RO         1670    .text               c_w.l(sys_exit.o)
    0x00018510   0x00018510   0x00000002   Code   RO         1681    .text               c_w.l(use_no_semi.o)
    0x00018512   0x00018512   0x00000000   Code   RO         1683    .text               c_w.l(indicate_semi.o)
    0x00018512   0x00018512   0x0000000a   Code   RO         1235    i.__ARM_common_memcpy4_5  libam_hal.lib(am_hal_cachectrl.o)
    0x0001851c   0x0001851c   0x0000026c   Code   RO          816    i.am_bsp_iom_pins_disable  libam_bsp.lib(am_bsp.o)
    0x00018788   0x00018788   0x00000360   Code   RO          817    i.am_bsp_iom_pins_enable  libam_bsp.lib(am_bsp.o)
    0x00018ae8   0x00018ae8   0x00000078   Code   RO          821    i.am_bsp_itm_printf_enable  libam_bsp.lib(am_bsp.o)
    0x00018b60   0x00018b60   0x00000016   Code   RO          822    i.am_bsp_low_power_init  libam_bsp.lib(am_bsp.o)
    0x00018b76   0x00018b76   0x00000002   PAD
    0x00018b78   0x00018b78   0x00000120   Code   RO          346    i.am_devices_cooper_blocking_read  am_devices_cooper.o
    0x00018c98   0x00018c98   0x0000015c   Code   RO          347    i.am_devices_cooper_blocking_write  am_devices_cooper.o
    0x00018df4   0x00018df4   0x00000084   Code   RO          351    i.am_devices_cooper_command_write  am_devices_cooper.o
    0x00018e78   0x00018e78   0x00000034   Code   RO          353    i.am_devices_cooper_get_FwImage  am_devices_cooper.o
    0x00018eac   0x00018eac   0x00000268   Code   RO          357    i.am_devices_cooper_init  am_devices_cooper.o
    0x00019114   0x00019114   0x000000ec   Code   RO          362    i.am_devices_cooper_reset_with_sbl_check  am_devices_cooper.o
    0x00019200   0x00019200   0x0000006c   Code   RO          363    i.am_devices_cooper_sbl_update_state_data  am_devices_cooper.o
    0x0001926c   0x0001926c   0x000000ac   Code   RO          364    i.am_devices_cooper_term  am_devices_cooper.o
    0x00019318   0x00019318   0x00000718   Code   RO          365    i.am_devices_cooper_update_image  am_devices_cooper.o
    0x00019a30   0x00019a30   0x00000040   Code   RO         1241    i.am_hal_cmdq_disable  libam_hal.lib(am_hal_cmdq.o)
    0x00019a70   0x00019a70   0x00000058   Code   RO         1242    i.am_hal_cmdq_enable  libam_hal.lib(am_hal_cmdq.o)
    0x00019ac8   0x00019ac8   0x000000f0   Code   RO         1245    i.am_hal_cmdq_init  libam_hal.lib(am_hal_cmdq.o)
    0x00019bb8   0x00019bb8   0x00000088   Code   RO         1251    i.am_hal_cmdq_term  libam_hal.lib(am_hal_cmdq.o)
    0x00019c40   0x00019c40   0x00000064   Code   RO         1188    i.am_hal_crc32      libam_hal.lib(am_hal_security.o)
    0x00019ca4   0x00019ca4   0x00000098   Code   RO         1216    i.am_hal_daxi_config  libam_hal.lib(am_hal_cachectrl.o)
    0x00019d3c   0x00019d3c   0x00000080   Code   RO         1218    i.am_hal_daxi_control  libam_hal.lib(am_hal_cachectrl.o)
    0x00019dbc   0x00019dbc   0x00000090   Code   RO         1421    i.am_hal_dcu_get    libam_hal.lib(am_hal_dcu.o)
    0x00019e4c   0x00019e4c   0x000000e4   Code   RO         1425    i.am_hal_dcu_update  libam_hal.lib(am_hal_dcu.o)
    0x00019f30   0x00019f30   0x0000002c   Code   RO         1132    i.am_hal_delay_us   libam_hal.lib(am_hal_utils.o)
    0x00019f5c   0x00019f5c   0x00000058   Code   RO         1133    i.am_hal_delay_us_status_change  libam_hal.lib(am_hal_utils.o)
    0x00019fb4   0x00019fb4   0x00000064   Code   RO         1134    i.am_hal_delay_us_status_check  libam_hal.lib(am_hal_utils.o)
    0x0001a018   0x0001a018   0x00000012   Code   RO         1044    i.am_hal_fault_capture_enable  libam_hal.lib(am_hal_fault.o)
    0x0001a02a   0x0001a02a   0x00000002   PAD
    0x0001a02c   0x0001a02c   0x00000054   Code   RO         1155    i.am_hal_gpio_pinconfig  libam_hal.lib(am_hal_gpio.o)
    0x0001a080   0x0001a080   0x00000072   Code   RO         1159    i.am_hal_gpio_state_write  libam_hal.lib(am_hal_gpio.o)
    0x0001a0f2   0x0001a0f2   0x00000002   PAD
    0x0001a0f4   0x0001a0f4   0x0000032c   Code   RO         1060    i.am_hal_iom_blocking_transfer  libam_hal.lib(am_hal_iom.o)
    0x0001a420   0x0001a420   0x000002f4   Code   RO         1061    i.am_hal_iom_configure  libam_hal.lib(am_hal_iom.o)
    0x0001a714   0x0001a714   0x00000084   Code   RO         1063    i.am_hal_iom_disable  libam_hal.lib(am_hal_iom.o)
    0x0001a798   0x0001a798   0x0000011c   Code   RO         1064    i.am_hal_iom_enable  libam_hal.lib(am_hal_iom.o)
    0x0001a8b4   0x0001a8b4   0x00000054   Code   RO         1066    i.am_hal_iom_initialize  libam_hal.lib(am_hal_iom.o)
    0x0001a908   0x0001a908   0x0000032c   Code   RO         1073    i.am_hal_iom_power_ctrl  libam_hal.lib(am_hal_iom.o)
    0x0001ac34   0x0001ac34   0x0000008c   Code   RO         1076    i.am_hal_iom_uninitialize  libam_hal.lib(am_hal_iom.o)
    0x0001acc0   0x0001acc0   0x00000048   Code   RO         1281    i.am_hal_itm_enable  libam_hal.lib(am_hal_itm.o)
    0x0001ad08   0x0001ad08   0x00000030   Code   RO         1283    i.am_hal_itm_print  libam_hal.lib(am_hal_itm.o)
    0x0001ad38   0x0001ad38   0x00000170   Code   RO         1118    i.am_hal_mcuctrl_control  libam_hal.lib(am_hal_mcuctrl.o)
    0x0001aea8   0x0001aea8   0x00000070   Code   RO         1312    i.am_hal_mram_info_read  libam_hal.lib(am_hal_mram.o)
    0x0001af18   0x0001af18   0x00000228   Code   RO         1448    i.am_hal_pwrctrl_control  libam_hal.lib(am_hal_pwrctrl.o)
    0x0001b140   0x0001b140   0x00000124   Code   RO         1452    i.am_hal_pwrctrl_low_power_init  libam_hal.lib(am_hal_pwrctrl.o)
    0x0001b264   0x0001b264   0x0000011c   Code   RO         1453    i.am_hal_pwrctrl_mcu_memory_config  libam_hal.lib(am_hal_pwrctrl.o)
    0x0001b380   0x0001b380   0x0000012c   Code   RO         1457    i.am_hal_pwrctrl_periph_disable  libam_hal.lib(am_hal_pwrctrl.o)
    0x0001b4ac   0x0001b4ac   0x000000b4   Code   RO         1458    i.am_hal_pwrctrl_periph_enable  libam_hal.lib(am_hal_pwrctrl.o)
    0x0001b560   0x0001b560   0x000000a8   Code   RO         1461    i.am_hal_pwrctrl_sram_config  libam_hal.lib(am_hal_pwrctrl.o)
    0x0001b608   0x0001b608   0x00000014   Code   RO         1338    i.am_hal_rtc_osc_disable  libam_hal.lib(am_hal_rtc.o)
    0x0001b61c   0x0001b61c   0x0000006c   Code   RO         1365    i.am_hal_tpiu_enable  libam_hal.lib(am_hal_tpiu.o)
    0x0001b688   0x0001b688   0x00000070   Code   RO          582    i.am_util_ble_update_sign_set  am_util_ble_cooper.o
    0x0001b6f8   0x0001b6f8   0x0000000a   Code   RO          664    i.am_util_delay_ms  am_util_delay.o
    0x0001b702   0x0001b702   0x00000004   Code   RO          665    i.am_util_delay_us  am_util_delay.o
    0x0001b706   0x0001b706   0x00000002   PAD
    0x0001b708   0x0001b708   0x00000034   Code   RO          696    i.am_util_stdio_printf  am_util_stdio.o
    0x0001b73c   0x0001b73c   0x0000000c   Code   RO          697    i.am_util_stdio_printf_init  am_util_stdio.o
    0x0001b748   0x0001b748   0x0000003c   Code   RO          701    i.am_util_stdio_terminal_clear  am_util_stdio.o
    0x0001b784   0x0001b784   0x0000073c   Code   RO          705    i.am_util_stdio_vsprintf  am_util_stdio.o
    0x0001bec0   0x0001bec0   0x00000028   Code   RO         1426    i.copy_words        libam_hal.lib(am_hal_dcu.o)
    0x0001bee8   0x0001bee8   0x000000b0   Code   RO         1468    i.crypto_boost_trims  libam_hal.lib(am_hal_pwrctrl.o)
    0x0001bf98   0x0001bf98   0x00000148   Code   RO         1078    i.internal_iom_reset_on_error  libam_hal.lib(am_hal_iom.o)
    0x0001c0e0   0x0001c0e0   0x000001a0   Code   RO          257    i.main              ble_firmware_update.o
    0x0001c280   0x0001c280   0x000000c6   Code   RO          706    i.ndigits_in_u64    am_util_stdio.o
    0x0001c346   0x0001c346   0x00000002   PAD
    0x0001c348   0x0001c348   0x00000068   Code   RO          371    i.send_update       am_devices_cooper.o
    0x0001c3b0   0x0001c3b0   0x00000126   Code   RO          707    i.uint64_to_str     am_util_stdio.o
    0x0001c4d6   0x0001c4d6   0x00000002   PAD
    0x0001c4d8   0x0001c4d8   0x00000094   Code   RO         1082    i.validate_transaction  libam_hal.lib(am_hal_iom.o)
    0x0001c56c   0x0001c56c   0x00000062   Code   RO         1576    x$fpl$d2f           fz_wm.l(d2f.o)
    0x0001c5ce   0x0001c5ce   0x0000009c   Code   RO         1579    x$fpl$dnaninf       fz_wm.l(dnaninf.o)
    0x0001c66a   0x0001c66a   0x0000000a   Code   RO         1668    x$fpl$fpinit        fz_wm.l(fpinit.o)
    0x0001c674   0x0001c674   0x0000000a   Code   RO         1581    x$fpl$fretinf       fz_wm.l(fretinf.o)
    0x0001c67e   0x0001c67e   0x00000000   Code   RO         1583    x$fpl$usenofp       fz_wm.l(usenofp.o)
    0x0001c67e   0x0001c67e   0x00000002   PAD
    0x0001c680   0x0001c680   0x0000006c   Data   RO            4    .constdata          am_resources.o
    0x0001c6ec   0x0001c6ec   0x000232c0   Data   RO          261    .constdata          ble_firmware_update.o
    0x0003f9ac   0x0003f9ac   0x00000004   Data   RO         1162    .constdata          libam_hal.lib(am_hal_gpio.o)
    0x0003f9b0   0x0003f9b0   0x00000004   Data   RO         1163    .constdata          libam_hal.lib(am_hal_gpio.o)
    0x0003f9b4   0x0003f9b4   0x00000004   Data   RO         1166    .constdata          libam_hal.lib(am_hal_gpio.o)
    0x0003f9b8   0x0003f9b8   0x00000010   Data   RO         1169    .constdata          libam_hal.lib(am_hal_gpio.o)
    0x0003f9c8   0x0003f9c8   0x00000028   Data   RO         1204    .constdata          libam_hal.lib(am_hal_bootrom_helper.o)
    0x0003f9f0   0x0003f9f0   0x00000005   Data   RO         1221    .constdata          libam_hal.lib(am_hal_cachectrl.o)
    0x0003f9f5   0x0003f9f5   0x00000003   PAD
    0x0003f9f8   0x0003f9f8   0x000001b8   Data   RO         1253    .constdata          libam_hal.lib(am_hal_cmdq.o)
    0x0003fbb0   0x0003fbb0   0x00000292   Data   RO         1470    .constdata          libam_hal.lib(am_hal_pwrctrl.o)
    0x0003fe42   0x0003fe42   0x00000002   PAD
    0x0003fe44   0x0003fe44   0x0000008c   Data   RO          373    .conststring        am_devices_cooper.o
    0x0003fed0   0x0003fed0   0x00000030   Data   RO         1738    Region$$Table       anon$$obj.o


    Execution Region MCU_TCM (Exec base: 0x10000000, Load base: 0x0003ff00, Size: 0x00009888, Max: 0x00060000, ABSOLUTE, COMPRESSED[0x00000078])

    Exec Addr    Load Addr    Size         Type   Attr      Idx    E Section Name        Object

    0x10000000   COMPRESSED   0x00000018   Data   RW          262    .data               ble_firmware_update.o
    0x10000018   COMPRESSED   0x00000034   Data   RW          374    .data               am_devices_cooper.o
    0x1000004c   COMPRESSED   0x00000008   Data   RW          709    .data               am_util_stdio.o
    0x10000054   COMPRESSED   0x00000004   Data   RW          791    .data               libam_hal.lib(am_hal_global.o)
    0x10000058   COMPRESSED   0x00000008   Data   RW          838    .data               libam_bsp.lib(am_bsp.o)
    0x10000060   COMPRESSED   0x00000004   Data   RW          898    .data               libam_bsp.lib(am_bsp_pins.o)
    0x10000064   COMPRESSED   0x00000004   Data   RW          899    .data               libam_bsp.lib(am_bsp_pins.o)
    0x10000068   COMPRESSED   0x00000004   Data   RW          900    .data               libam_bsp.lib(am_bsp_pins.o)
    0x1000006c   COMPRESSED   0x00000004   Data   RW          901    .data               libam_bsp.lib(am_bsp_pins.o)
    0x10000070   COMPRESSED   0x00000004   Data   RW          902    .data               libam_bsp.lib(am_bsp_pins.o)
    0x10000074   COMPRESSED   0x00000004   Data   RW          903    .data               libam_bsp.lib(am_bsp_pins.o)
    0x10000078   COMPRESSED   0x00000004   Data   RW          904    .data               libam_bsp.lib(am_bsp_pins.o)
    0x1000007c   COMPRESSED   0x00000004   Data   RW          905    .data               libam_bsp.lib(am_bsp_pins.o)
    0x10000080   COMPRESSED   0x00000004   Data   RW          906    .data               libam_bsp.lib(am_bsp_pins.o)
    0x10000084   COMPRESSED   0x00000004   Data   RW          907    .data               libam_bsp.lib(am_bsp_pins.o)
    0x10000088   COMPRESSED   0x00000004   Data   RW          908    .data               libam_bsp.lib(am_bsp_pins.o)
    0x1000008c   COMPRESSED   0x00000004   Data   RW          909    .data               libam_bsp.lib(am_bsp_pins.o)
    0x10000090   COMPRESSED   0x00000004   Data   RW          910    .data               libam_bsp.lib(am_bsp_pins.o)
    0x10000094   COMPRESSED   0x00000004   Data   RW          911    .data               libam_bsp.lib(am_bsp_pins.o)
    0x10000098   COMPRESSED   0x00000004   Data   RW          912    .data               libam_bsp.lib(am_bsp_pins.o)
    0x1000009c   COMPRESSED   0x00000004   Data   RW          913    .data               libam_bsp.lib(am_bsp_pins.o)
    0x100000a0   COMPRESSED   0x00000004   Data   RW          914    .data               libam_bsp.lib(am_bsp_pins.o)
    0x100000a4   COMPRESSED   0x00000004   Data   RW          915    .data               libam_bsp.lib(am_bsp_pins.o)
    0x100000a8   COMPRESSED   0x00000004   Data   RW          916    .data               libam_bsp.lib(am_bsp_pins.o)
    0x100000ac   COMPRESSED   0x00000004   Data   RW          917    .data               libam_bsp.lib(am_bsp_pins.o)
    0x100000b0   COMPRESSED   0x00000004   Data   RW          918    .data               libam_bsp.lib(am_bsp_pins.o)
    0x100000b4   COMPRESSED   0x00000004   Data   RW          919    .data               libam_bsp.lib(am_bsp_pins.o)
    0x100000b8   COMPRESSED   0x00000004   Data   RW          920    .data               libam_bsp.lib(am_bsp_pins.o)
    0x100000bc   COMPRESSED   0x00000004   Data   RW          921    .data               libam_bsp.lib(am_bsp_pins.o)
    0x100000c0   COMPRESSED   0x00000004   Data   RW          922    .data               libam_bsp.lib(am_bsp_pins.o)
    0x100000c4   COMPRESSED   0x00000004   Data   RW          923    .data               libam_bsp.lib(am_bsp_pins.o)
    0x100000c8   COMPRESSED   0x00000004   Data   RW          924    .data               libam_bsp.lib(am_bsp_pins.o)
    0x100000cc   COMPRESSED   0x00000004   Data   RW          925    .data               libam_bsp.lib(am_bsp_pins.o)
    0x100000d0   COMPRESSED   0x00000004   Data   RW          926    .data               libam_bsp.lib(am_bsp_pins.o)
    0x100000d4   COMPRESSED   0x00000004   Data   RW          927    .data               libam_bsp.lib(am_bsp_pins.o)
    0x100000d8   COMPRESSED   0x00000004   Data   RW          928    .data               libam_bsp.lib(am_bsp_pins.o)
    0x100000dc   COMPRESSED   0x00000004   Data   RW          929    .data               libam_bsp.lib(am_bsp_pins.o)
    0x100000e0   COMPRESSED   0x00000004   Data   RW          930    .data               libam_bsp.lib(am_bsp_pins.o)
    0x100000e4   COMPRESSED   0x00000004   Data   RW          931    .data               libam_bsp.lib(am_bsp_pins.o)
    0x100000e8   COMPRESSED   0x00000004   Data   RW          932    .data               libam_bsp.lib(am_bsp_pins.o)
    0x100000ec   COMPRESSED   0x00000004   Data   RW          933    .data               libam_bsp.lib(am_bsp_pins.o)
    0x100000f0   COMPRESSED   0x00000004   Data   RW          934    .data               libam_bsp.lib(am_bsp_pins.o)
    0x100000f4   COMPRESSED   0x00000004   Data   RW          935    .data               libam_bsp.lib(am_bsp_pins.o)
    0x100000f8   COMPRESSED   0x00000004   Data   RW          936    .data               libam_bsp.lib(am_bsp_pins.o)
    0x100000fc   COMPRESSED   0x00000004   Data   RW          937    .data               libam_bsp.lib(am_bsp_pins.o)
    0x10000100   COMPRESSED   0x00000004   Data   RW          938    .data               libam_bsp.lib(am_bsp_pins.o)
    0x10000104   COMPRESSED   0x00000004   Data   RW          939    .data               libam_bsp.lib(am_bsp_pins.o)
    0x10000108   COMPRESSED   0x00000004   Data   RW          940    .data               libam_bsp.lib(am_bsp_pins.o)
    0x1000010c   COMPRESSED   0x00000004   Data   RW          941    .data               libam_bsp.lib(am_bsp_pins.o)
    0x10000110   COMPRESSED   0x00000004   Data   RW          942    .data               libam_bsp.lib(am_bsp_pins.o)
    0x10000114   COMPRESSED   0x00000004   Data   RW          943    .data               libam_bsp.lib(am_bsp_pins.o)
    0x10000118   COMPRESSED   0x00000004   Data   RW         1002    .data               libam_bsp.lib(am_bsp_pins.o)
    0x1000011c   COMPRESSED   0x00000008   Data   RW         1122    .data               libam_hal.lib(am_hal_mcuctrl.o)
    0x10000124   COMPRESSED   0x00000005   Data   RW         1222    .data               libam_hal.lib(am_hal_cachectrl.o)
    0x10000129   COMPRESSED   0x00000007   PAD
    0x10000130   COMPRESSED   0x00000020   Data   RW         1427    .data               libam_hal.lib(am_hal_dcu.o)
    0x10000150   COMPRESSED   0x0000003c   Data   RW         1472    .data               libam_hal.lib(am_hal_pwrctrl.o)
    0x1000018c        -       0x00002000   Zero   RW          258    .bss                ble_firmware_update.o
    0x1000218c        -       0x00000074   Zero   RW          372    .bss                am_devices_cooper.o
    0x10002200        -       0x00000400   Zero   RW          708    .bss                am_util_stdio.o
    0x10002600        -       0x00004540   Zero   RW         1083    .bss                libam_hal.lib(am_hal_iom.o)
    0x10006b40        -       0x000001e4   Zero   RW         1252    .bss                libam_hal.lib(am_hal_cmdq.o)
    0x10006d24        -       0x00000060   Zero   RW         1610    .bss                c_w.l(libspace.o)
    0x10006d84   COMPRESSED   0x00000004   PAD
    0x10006d88        -       0x00000000   Zero   RW          776    HEAP                startup_keil.o
    0x10006d88        -       0x00002b00   Zero   RW          775    STACK               startup_keil.o


    Execution Region SHARED_SRAM (Exec base: 0x10060000, Load base: 0x0003ff78, Size: 0x00000040, Max: 0x00100000, ABSOLUTE)

    Exec Addr    Load Addr    Size         Type   Attr      Idx    E Section Name        Object

    0x10060000   0x0003ff78   0x00000004   Data   RW            5    RESOURCE_TABLE      am_resources.o
    0x10060004   0x0003ff7c   0x0000003c   Data   RW            6    SHARED_RW           am_resources.o


==============================================================================

Image component sizes


      Code (inc. data)   RO Data    RW Data    ZI Data      Debug   Object Name

      3872        762        140         52        116      22994   am_devices_cooper.o
         0          0        108         64          0      22295   am_resources.o
       112         10          0          0          0      17265   am_util_ble_cooper.o
        14          0          0          0          0       1198   am_util_delay.o
      2468         60          0          8       1024      12256   am_util_stdio.o
       416        264     144064         24       8192      18570   ble_firmware_update.o
       588        530          0          0      11008       1320   startup_keil.o

    ----------------------------------------------------------------------
      7476       1626     144360        148      20340      95898   Object Totals
         0          0         48          0          0          0   (incl. Generated)
         6          0          0          0          0          0   (incl. Padding)

    ----------------------------------------------------------------------

      Code (inc. data)   RO Data    RW Data    ZI Data      Debug   Library Member Name

        90          0          0          0          0          0   __dczerorl2.o
         8          0          0          0          0         68   __main.o
         0          0          0          0          0          0   __rtentry.o
        12          0          0          0          0          0   __rtentry2.o
         6          0          0          0          0          0   __rtentry4.o
        52          8          0          0          0          0   __scatter.o
        26          0          0          0          0         68   __scatter_copy.o
        28          0          0          0          0          0   __scatter_zi.o
        18          0          0          0          0         80   exit.o
         6          0          0          0          0        152   heapauxi.o
         0          0          0          0          0          0   indicate_semi.o
         2          0          0          0          0          0   libinit.o
         6          0          0          0          0          0   libinit2.o
         2          0          0          0          0          0   libshutdown.o
         2          0          0          0          0          0   libshutdown2.o
         8          4          0          0         96         68   libspace.o
        38          0          0          0          0         68   llshl.o
        38          0          0          0          0         68   llushr.o
       138          0          0          0          0         68   rt_memcpy_v6.o
       100          0          0          0          0         80   rt_memcpy_w.o
         2          0          0          0          0          0   rtexit.o
        10          0          0          0          0          0   rtexit2.o
        12          4          0          0          0         68   sys_exit.o
        74          0          0          0          0         80   sys_stackheap_outer.o
         2          0          0          0          0         68   use_no_semi.o
        98          4          0          0          0        140   d2f.o
       156          4          0          0          0        140   dnaninf.o
        10          0          0          0          0        116   fpinit.o
        10          0          0          0          0        116   fretinf.o
         0          0          0          0          0          0   usenofp.o
      1626        274          0          8          0        752   am_bsp.o
         0          0          0        188          0          0   am_bsp_pins.o
         0          0         40          0          0          0   am_hal_bootrom_helper.o
       290         18          5          5          0        380   am_hal_cachectrl.o
       528         32        440          0        484        508   am_hal_cmdq.o
       412         26          0         32          0        428   am_hal_dcu.o
        18          0          0          0          0        116   am_hal_fault.o
         0          0          0          4          0          0   am_hal_global.o
       198         14         28          0          0        264   am_hal_gpio.o
        22          0          0          0          0        148   am_hal_interrupt.o
      3496        132          0          0      17728       1260   am_hal_iom.o
       120         28          0          0          0        232   am_hal_itm.o
       368         18          0          8          0        132   am_hal_mcuctrl.o
       112          4          0          0          0        148   am_hal_mram.o
      1952        124        658         60          0        932   am_hal_pwrctrl.o
        20          6          0          0          0        116   am_hal_rtc.o
       100         12          0          0          0        128   am_hal_security.o
       108         26          0          0          0        116   am_hal_tpiu.o
       232         26          0          0          0        388   am_hal_utils.o

    ----------------------------------------------------------------------
     10572        764       1176        312      18312       7496   Library Totals
        16          0          5          7          4          0   (incl. Padding)

    ----------------------------------------------------------------------

      Code (inc. data)   RO Data    RW Data    ZI Data      Debug   Library Name

       680         16          0          0         96        936   c_w.l
       274          8          0          0          0        512   fz_wm.l
      1626        274          0        196          0        752   libam_bsp.lib
      7976        466       1171        109      18212       5296   libam_hal.lib

    ----------------------------------------------------------------------
     10572        764       1176        312      18312       7496   Library Totals

    ----------------------------------------------------------------------

==============================================================================


      Code (inc. data)   RO Data    RW Data    ZI Data      Debug   

     18048       2390     145536        460      38652      96578   Grand Totals
     18048       2390     145536        184      38652      96578   ELF Image Totals (compressed)
     18048       2390     145536        184          0          0   ROM Totals

==============================================================================

    Total RO  Size (Code + RO Data)               163584 ( 159.75kB)
    Total RW  Size (RW Data + ZI Data)             39112 (  38.20kB)
    Total ROM Size (Code + RO Data + RW Data)     163768 ( 159.93kB)

==============================================================================

